Archive member included to satisfy reference by file (symbol)

ym/microbit/source/microbit.a(MicroBit.cpp.o)
                              source/CMakeFiles/microbit-samples.dir/home/alexandros/Desktop/microbit-samples/source/main.cpp.o (MicroBit::MicroBit())
ym/microbit-dal/source/microbit-dal.a(MicroBitDevice.cpp.o)
                              ym/microbit/source/microbit.a(MicroBit.cpp.o) (microbit_serial_number())
ym/microbit-dal/source/microbit-dal.a(MicroBitFiber.cpp.o)
                              ym/microbit/source/microbit.a(MicroBit.cpp.o) (scheduler_init(EventModel&))
ym/microbit-dal/source/microbit-dal.a(MicroBitFont.cpp.o)
                              ym/microbit-dal/source/microbit-dal.a(MicroBitDevice.cpp.o) (MicroBitFont::defaultFont)
ym/microbit-dal/source/microbit-dal.a(MicroBitHeapAllocator.cpp.o)
                              ym/microbit/source/microbit.a(MicroBit.cpp.o) (microbit_create_heap(unsigned long, unsigned long))
ym/microbit-dal/source/microbit-dal.a(MicroBitListener.cpp.o)
                              source/CMakeFiles/microbit-samples.dir/home/alexandros/Desktop/microbit-samples/source/main.cpp.o (MicroBitListener::MicroBitListener(unsigned short, unsigned short, void (*)(MicroBitEvent), unsigned short))
ym/microbit-dal/source/microbit-dal.a(MicroBitSystemTimer.cpp.o)
                              ym/microbit-dal/source/microbit-dal.a(MicroBitFiber.cpp.o) (system_timer_current_time())
ym/microbit-dal/source/microbit-dal.a(ManagedString.cpp.o)
                              source/CMakeFiles/microbit-samples.dir/home/alexandros/Desktop/microbit-samples/source/main.cpp.o (ManagedString::~ManagedString())
ym/microbit-dal/source/microbit-dal.a(MicroBitEvent.cpp.o)
                              ym/microbit/source/microbit.a(MicroBit.cpp.o) (MicroBitEvent::MicroBitEvent())
ym/microbit-dal/source/microbit-dal.a(MicroBitImage.cpp.o)
                              source/CMakeFiles/microbit-samples.dir/home/alexandros/Desktop/microbit-samples/source/main.cpp.o (MicroBitImage::setPixelValue(short, short, unsigned char))
ym/microbit-dal/source/microbit-dal.a(PacketBuffer.cpp.o)
                              ym/microbit-dal/source/microbit-dal.a(ManagedString.cpp.o) (PacketBuffer::getBytes())
ym/microbit-dal/source/microbit-dal.a(RefCounted.cpp.o)
                              ym/microbit-dal/source/microbit-dal.a(ManagedString.cpp.o) (RefCounted::init())
ym/microbit-dal/source/microbit-dal.a(MicroBitAccelerometer.cpp.o)
                              ym/microbit/source/microbit.a(MicroBit.cpp.o) (MicroBitAccelerometer::autoDetect(MicroBitI2C&))
ym/microbit-dal/source/microbit-dal.a(MicroBitButton.cpp.o)
                              source/CMakeFiles/microbit-samples.dir/home/alexandros/Desktop/microbit-samples/source/main.cpp.o (MicroBitButton::~MicroBitButton())
ym/microbit-dal/source/microbit-dal.a(MicroBitCompass.cpp.o)
                              ym/microbit/source/microbit.a(MicroBit.cpp.o) (MicroBitCompass::autoDetect(MicroBitI2C&))
ym/microbit-dal/source/microbit-dal.a(MicroBitCompassCalibrator.cpp.o)
                              ym/microbit/source/microbit.a(MicroBit.cpp.o) (MicroBitCompassCalibrator::MicroBitCompassCalibrator(MicroBitCompass&, MicroBitAccelerometer&, MicroBitDisplay&, MicroBitStorage&))
ym/microbit-dal/source/microbit-dal.a(MicroBitDisplay.cpp.o)
                              source/CMakeFiles/microbit-samples.dir/home/alexandros/Desktop/microbit-samples/source/main.cpp.o (MicroBitDisplay::~MicroBitDisplay())
ym/microbit-dal/source/microbit-dal.a(MicroBitI2C.cpp.o)
                              ym/microbit/source/microbit.a(MicroBit.cpp.o) (MicroBitI2C::MicroBitI2C(PinName, PinName))
ym/microbit-dal/source/microbit-dal.a(MicroBitIO.cpp.o)
                              ym/microbit/source/microbit.a(MicroBit.cpp.o) (MicroBitIO::MicroBitIO(int, int, int, int, int, int, int, int, int, int, int, int, int, int, int, int, int, int, int))
ym/microbit-dal/source/microbit-dal.a(MicroBitLightSensor.cpp.o)
                              ym/microbit-dal/source/microbit-dal.a(MicroBitDisplay.cpp.o) (MicroBitLightSensor::read())
ym/microbit-dal/source/microbit-dal.a(MicroBitMessageBus.cpp.o)
                              ym/microbit/source/microbit.a(MicroBit.cpp.o) (MicroBitMessageBus::add(MicroBitListener*))
ym/microbit-dal/source/microbit-dal.a(MicroBitMultiButton.cpp.o)
                              ym/microbit/source/microbit.a(MicroBit.cpp.o) (MicroBitMultiButton::setEventConfiguration(MicroBitButtonEventConfiguration))
ym/microbit-dal/source/microbit-dal.a(MicroBitPin.cpp.o)
                              ym/microbit-dal/source/microbit-dal.a(MicroBitAccelerometer.cpp.o) (MicroBitPin::MicroBitPin(int, PinName, PinCapability))
ym/microbit-dal/source/microbit-dal.a(MicroBitRadio.cpp.o)
                              ym/microbit/source/microbit.a(MicroBit.cpp.o) (MicroBitRadio::MicroBitRadio(unsigned short))
[...]
Memory Configuration

Name             Origin             Length             Attributes
FLASH            0x0000000000018000 0x0000000000028000 xr
RAM              0x0000000020002000 0x0000000000002000 xrw
*default*        0x0000000000000000 0xffffffffffffffff

Linker script and memory map

LOAD /usr/lib/gcc/arm-none-eabi/6.3.1/thumb/v6-m/crti.o
LOAD /usr/lib/gcc/arm-none-eabi/6.3.1/thumb/v6-m/crtbegin.o
LOAD /usr/lib/gcc/arm-none-eabi/6.3.1/../../../arm-none-eabi/lib/thumb/v6-m/crt0.o
START GROUP
LOAD source/CMakeFiles/microbit-samples.dir/home/alexandros/Desktop/microbit-samples/source/main.cpp.o
LOAD ym/microbit/source/microbit.a
LOAD ym/microbit-dal/source/microbit-dal.a
LOAD ym/ble/source/ble.a
LOAD ym/ble-nrf51822/source/ble-nrf51822.a
LOAD ym/ble/source/ble.a
LOAD ym/ble-nrf51822/source/ble-nrf51822.a
LOAD ym/nrf51-sdk/source/nrf51-sdk.a
LOAD ym/mbed-classic/existing/mbed-classic.a
LOAD /usr/lib/gcc/arm-none-eabi/6.3.1/../../../arm-none-eabi/lib/thumb/v6-m/libnosys.a
LOAD /usr/lib/gcc/arm-none-eabi/6.3.1/../../../arm-none-eabi/lib/thumb/v6-m/libstdc++_nano.a
LOAD /usr/lib/gcc/arm-none-eabi/6.3.1/../../../arm-none-eabi/lib/thumb/v6-m/libsupc++_nano.a
LOAD /usr/lib/gcc/arm-none-eabi/6.3.1/thumb/v6-m/libgcc.a
LOAD /usr/lib/gcc/arm-none-eabi/6.3.1/../../../arm-none-eabi/lib/thumb/v6-m/libstdc++_nano.a
LOAD /usr/lib/gcc/arm-none-eabi/6.3.1/../../../arm-none-eabi/lib/thumb/v6-m/libsupc++_nano.a
LOAD /usr/lib/gcc/arm-none-eabi/6.3.1/../../../arm-none-eabi/lib/thumb/v6-m/libm.a
LOAD /usr/lib/gcc/arm-none-eabi/6.3.1/../../../arm-none-eabi/lib/thumb/v6-m/libc_nano.a
LOAD /usr/lib/gcc/arm-none-eabi/6.3.1/thumb/v6-m/libgcc.a
END GROUP
LOAD /usr/lib/gcc/arm-none-eabi/6.3.1/../../../arm-none-eabi/lib/thumb/v6-m/libstdc++_nano.a
LOAD /usr/lib/gcc/arm-none-eabi/6.3.1/../../../arm-none-eabi/lib/thumb/v6-m/libm.a
LOAD /usr/lib/gcc/arm-none-eabi/6.3.1/../../../arm-none-eabi/lib/thumb/v6-m/libc_nano.a
START GROUP
LOAD /usr/lib/gcc/arm-none-eabi/6.3.1/thumb/v6-m/libgcc.a
LOAD /usr/lib/gcc/arm-none-eabi/6.3.1/../../../arm-none-eabi/lib/thumb/v6-m/libc_nano.a
END GROUP
START GROUP
LOAD /usr/lib/gcc/arm-none-eabi/6.3.1/thumb/v6-m/libgcc.a
LOAD /usr/lib/gcc/arm-none-eabi/6.3.1/../../../arm-none-eabi/lib/thumb/v6-m/libc_nano.a
END GROUP
LOAD /usr/lib/gcc/arm-none-eabi/6.3.1/thumb/v6-m/crtend.o
LOAD /usr/lib/gcc/arm-none-eabi/6.3.1/thumb/v6-m/crtn.o

.text           0x0000000000018000    0x11548
 *(SORT(.Vectors))
 .Vectors       0x0000000000018000       0xc0 ym/mbed-classic/existing/mbed-classic.a(startup_NRF51822.S.obj)
                0x0000000000018000                __Vectors
 *(SORT(.text*))
 .text          0x00000000000180c0       0xb4 /usr/lib/gcc/arm-none-eabi/6.3.1/thumb/v6-m/crtbegin.o
 .text          0x0000000000018174       0x6c /usr/lib/gcc/arm-none-eabi/6.3.1/../../../arm-none-eabi/lib/thumb/v6-m/crt0.o
                0x0000000000018174                _mainCRTStartup
                0x0000000000018174                _start
 .text._Z10decPlayerY13MicroBitEvent
                0x00000000000181e0       0x18 source/CMakeFiles/microbit-samples.dir/home/alexandros/Desktop/microbit-samples/source/main.cpp.o
                0x00000000000181e0                decPlayerY(MicroBitEvent)
 .text._Z10incPlayerY13MicroBitEvent
                0x00000000000181f8       0x18 source/CMakeFiles/microbit-samples.dir/home/alexandros/Desktop/microbit-samples/source/main.cpp.o
                0x00000000000181f8                incPlayerY(MicroBitEvent)
 .text._ZN14MicroBitSerialD2Ev
                0x0000000000018210       0x18 source/CMakeFiles/microbit-samples.dir/home/alexandros/Desktop/microbit-samples/source/main.cpp.o
                0x0000000000018210                MicroBitSerial::~MicroBitSerial()
                0x0000000000018210                MicroBitSerial::~MicroBitSerial()
 .text._Z4save13MicroBitEvent
                0x0000000000018228       0x7c source/CMakeFiles/microbit-samples.dir/home/alexandros/Desktop/microbit-samples/source/main.cpp.o
                0x0000000000018228                save(MicroBitEvent)
 .text.unlikely._Z13makeEasyEnemyv.part.8
                0x00000000000182a4       0x14 source/CMakeFiles/microbit-samples.dir/home/alexandros/Desktop/microbit-samples/source/main.cpp.o
 .text._ZN10EventModel6listenEiiPFv13MicroBitEventEt
                0x00000000000182b8       0x5c source/CMakeFiles/microbit-samples.dir/home/alexandros/Desktop/microbit-samples/source/main.cpp.o
                0x00000000000182b8                EventModel::listen(int, int, void (*)(MicroBitEvent), unsigned short)
 .text._Z12appendToListP4nodeP6bullet
                0x0000000000018314       0x2c source/CMakeFiles/microbit-samples.dir/home/alexandros/Desktop/microbit-samples/source/main.cpp.o
                0x0000000000018314                appendToList(node*, bullet*)
 .text._Z10makeBullet13MicroBitEvent
                0x0000000000018340       0x3c source/CMakeFiles/microbit-samples.dir/home/alexandros/Desktop/microbit-samples/source/main.cpp.o
                0x0000000000018340                makeBullet(MicroBitEvent)
 .text._Z10remove_anyP4nodeS0_
                0x000000000001837c       0x40 source/CMakeFiles/microbit-samples.dir/home/alexandros/Desktop/microbit-samples/source/main.cpp.o
                0x000000000001837c                remove_any(node*, node*)
 .text._Z7endGamev
                0x00000000000183bc       0x64 source/CMakeFiles/microbit-samples.dir/home/alexandros/Desktop/microbit-samples/source/main.cpp.o
                0x00000000000183bc                endGame()
 .text._Z16updateBulletlistv
                0x0000000000018420       0x54 source/CMakeFiles/microbit-samples.dir/home/alexandros/Desktop/microbit-samples/source/main.cpp.o
                0x0000000000018420                updateBulletlist()
 .text._Z13updateEnemiesv
                0x0000000000018474       0x5c source/CMakeFiles/microbit-samples.dir/home/alexandros/Desktop/microbit-samples/source/main.cpp.o
                0x0000000000018474                updateEnemies()
 .text._Z15makeEnemyBulletii
                0x00000000000184d0       0x38 source/CMakeFiles/microbit-samples.dir/home/alexandros/Desktop/microbit-samples/source/main.cpp.o
                0x00000000000184d0                makeEnemyBullet(int, int)
 .text._Z9incrScoreP5enemy
                0x0000000000018508       0x10 source/CMakeFiles/microbit-samples.dir/home/alexandros/Desktop/microbit-samples/source/main.cpp.o
                0x0000000000018508                incrScore(enemy*)
 .text._Z11deleteEnemyP5enemy
                0x0000000000018518       0x2c source/CMakeFiles/microbit-samples.dir/home/alexandros/Desktop/microbit-samples/source/main.cpp.o
                0x0000000000018518                deleteEnemy(enemy*)
 .text._Z25checkCollisionBulletGhostv
                0x0000000000018544       0xa0 source/CMakeFiles/microbit-samples.dir/home/alexandros/Desktop/microbit-samples/source/main.cpp.o
                0x0000000000018544                checkCollisionBulletGhost()
 .text._Z9makeEnemyv
                0x00000000000185e4       0x3c source/CMakeFiles/microbit-samples.dir/home/alexandros/Desktop/microbit-samples/source/main.cpp.o
                0x00000000000185e4                makeEnemy()
 .text._Z9drawFieldv
                0x0000000000018620       0x70 source/CMakeFiles/microbit-samples.dir/home/alexandros/Desktop/microbit-samples/source/main.cpp.o
                0x0000000000018620                drawField()
 .text._Z10shootEnemyv
                0x0000000000018690       0x38 source/CMakeFiles/microbit-samples.dir/home/alexandros/Desktop/microbit-samples/source/main.cpp.o
                0x0000000000018690                shootEnemy()
 .text._Z13spaceInvadersv
                0x00000000000186c8       0xc8 source/CMakeFiles/microbit-samples.dir/home/alexandros/Desktop/microbit-samples/source/main.cpp.o
                0x00000000000186c8                spaceInvaders()
 .text.startup.main
                0x0000000000018790       0x14 source/CMakeFiles/microbit-samples.dir/home/alexandros/Desktop/microbit-samples/source/main.cpp.o
                0x0000000000018790                main
 .text._Z13decode_personPh
                0x00000000000187a4       0x1c source/CMakeFiles/microbit-samples.dir/home/alexandros/Desktop/microbit-samples/source/main.cpp.o
                0x00000000000187a4                decode_person(unsigned char*)
 .text._Z4load13MicroBitEvent
                0x00000000000187c0       0x38 source/CMakeFiles/microbit-samples.dir/home/alexandros/Desktop/microbit-samples/source/main.cpp.o
                0x00000000000187c0                load(MicroBitEvent)
 .text.startup._GLOBAL__sub_I_uBit
                0x00000000000187f8       0x38 source/CMakeFiles/microbit-samples.dir/home/alexandros/Desktop/microbit-samples/source/main.cpp.o
 .text._ZN8MicroBitD2Ev
                0x0000000000018830       0x58 source/CMakeFiles/microbit-samples.dir/home/alexandros/Desktop/microbit-samples/source/main.cpp.o
                0x0000000000018830                MicroBit::~MicroBit()
                0x0000000000018830                MicroBit::~MicroBit()
 .text._ZN8MicroBitC2Ev
                0x0000000000018888      0x170 ym/microbit/source/microbit.a(MicroBit.cpp.o)
                0x0000000000018888                MicroBit::MicroBit()
                0x0000000000018888                MicroBit::MicroBit()
 .text._ZN8MicroBit4initEv
                0x00000000000189f8      0x200 ym/microbit/source/microbit.a(MicroBit.cpp.o)
                0x00000000000189f8                MicroBit::init()
 .text.NVIC_SystemReset
                0x0000000000018bf8       0x18 ym/microbit-dal/source/microbit-dal.a(MicroBitDevice.cpp.o)
 .text._Z22microbit_friendly_namev
                0x0000000000018c10       0x68 ym/microbit-dal/source/microbit-dal.a(MicroBitDevice.cpp.o)
                0x0000000000018c10                microbit_friendly_name()
 .text._Z14microbit_panici
                0x0000000000018c78      0x170 ym/microbit-dal/source/microbit-dal.a(MicroBitDevice.cpp.o)
                0x0000000000018c78                microbit_panic(int)
 .text._Z15microbit_randomi
                0x0000000000018de8       0x4c ym/microbit-dal/source/microbit-dal.a(MicroBitDevice.cpp.o)
                0x0000000000018de8                microbit_random(int)
 .text._Z20microbit_seed_randomv
                0x0000000000018e34       0x60 ym/microbit-dal/source/microbit-dal.a(MicroBitDevice.cpp.o)
                0x0000000000018e34                microbit_seed_random()
 .text._Z14scheduler_tickv
                0x0000000000018e94       0x38 ym/microbit-dal/source/microbit-dal.a(MicroBitFiber.cpp.o)
                0x0000000000018e94                scheduler_tick()
 .text._Z15scheduler_event13MicroBitEvent
                0x0000000000018ecc       0xd0 ym/microbit-dal/source/microbit-dal.a(MicroBitFiber.cpp.o)
                0x0000000000018ecc                scheduler_event(MicroBitEvent)
 .text._Z15getFiberContextv
                0x0000000000018f9c       0x3c ym/microbit-dal/source/microbit-dal.a(MicroBitFiber.cpp.o)
                0x0000000000018f9c                getFiberContext()
 .text._Z23fiber_scheduler_runningv
                0x0000000000018fd8       0x10 ym/microbit-dal/source/microbit-dal.a(MicroBitFiber.cpp.o)
                0x0000000000018fd8                fiber_scheduler_running()
 .text._Z14scheduler_initR10EventModel
                0x0000000000018fe8       0xa8 ym/microbit-dal/source/microbit-dal.a(MicroBitFiber.cpp.o)
                0x0000000000018fe8                scheduler_init(EventModel&)
 .text._Z14__create_fibermmmi
                0x0000000000019090       0x50 ym/microbit-dal/source/microbit-dal.a(MicroBitFiber.cpp.o)
                0x0000000000019090                __create_fiber(unsigned long, unsigned long, unsigned long, int)
 .text._Z24scheduler_runqueue_emptyv
                0x00000000000190e0       0x10 ym/microbit-dal/source/microbit-dal.a(MicroBitFiber.cpp.o)
                0x00000000000190e0                scheduler_runqueue_empty()
 .text._Z24fiber_add_idle_componentP17MicroBitComponent
                0x00000000000190f0       0x1c ym/microbit-dal/source/microbit-dal.a(MicroBitFiber.cpp.o)
                0x00000000000190f0                fiber_add_idle_component(MicroBitComponent*)
 .text._Z27fiber_remove_idle_componentP17MicroBitComponent
                0x000000000001910c       0x1c ym/microbit-dal/source/microbit-dal.a(MicroBitFiber.cpp.o)
                0x000000000001910c                fiber_remove_idle_component(MicroBitComponent*)
 .text._Z4idlev
                0x0000000000019128       0x2c ym/microbit-dal/source/microbit-dal.a(MicroBitFiber.cpp.o)
                0x0000000000019128                idle()
 .text._Z8schedulev
                0x0000000000019154       0xcc ym/microbit-dal/source/microbit-dal.a(MicroBitFiber.cpp.o)
                0x0000000000019154                schedule()
 .text._Z11fiber_sleepm
                0x0000000000019220       0x54 ym/microbit-dal/source/microbit-dal.a(MicroBitFiber.cpp.o)
                0x0000000000019220                fiber_sleep(unsigned long)
 .text._Z19fiber_wake_on_eventtt
                0x0000000000019274       0x9c ym/microbit-dal/source/microbit-dal.a(MicroBitFiber.cpp.o)
                0x0000000000019274                fiber_wake_on_event(unsigned short, unsigned short)
 .text._Z13release_fiberv
                0x0000000000019310       0x28 ym/microbit-dal/source/microbit-dal.a(MicroBitFiber.cpp.o)
                0x0000000000019310                release_fiber()
 .text._Z6invokePFvPvES_
                0x0000000000019338       0x80 ym/microbit-dal/source/microbit-dal.a(MicroBitFiber.cpp.o)
                0x0000000000019338                invoke(void (*)(void*), void*)
 .text._ZN12MicroBitFont13getSystemFontEv
                0x00000000000193b8       0x10 ym/microbit-dal/source/microbit-dal.a(MicroBitFont.cpp.o)
                0x00000000000193b8                MicroBitFont::getSystemFont()
 .text.startup._GLOBAL__sub_I__ZN12MicroBitFont11defaultFontE
                0x00000000000193c8       0x18 ym/microbit-dal/source/microbit-dal.a(MicroBitFont.cpp.o)
 .text._Z20microbit_create_heapmm
                0x00000000000193e0       0x58 ym/microbit-dal/source/microbit-dal.a(MicroBitHeapAllocator.cpp.o)
                0x00000000000193e0                microbit_create_heap(unsigned long, unsigned long)
 .text.malloc   0x0000000000019438       0x68 ym/microbit-dal/source/microbit-dal.a(MicroBitHeapAllocator.cpp.o)
                0x0000000000019438                malloc
 .text.free     0x00000000000194a0       0x50 ym/microbit-dal/source/microbit-dal.a(MicroBitHeapAllocator.cpp.o)
                0x00000000000194a0                free
 .text._Z23system_timer_set_periodi
                0x00000000000194f0       0x44 ym/microbit-dal/source/microbit-dal.a(MicroBitSystemTimer.cpp.o)
                0x00000000000194f0                system_timer_set_period(int)
 .text._Z17system_timer_initi
                0x0000000000019534       0x54 ym/microbit-dal/source/microbit-dal.a(MicroBitSystemTimer.cpp.o)
                0x0000000000019534                system_timer_init(int)
 .text._Z23system_timer_get_periodv
                0x0000000000019588        0xc ym/microbit-dal/source/microbit-dal.a(MicroBitSystemTimer.cpp.o)
                0x0000000000019588                system_timer_get_period()
 .text._Z11update_timev
                0x0000000000019594       0x44 ym/microbit-dal/source/microbit-dal.a(MicroBitSystemTimer.cpp.o)
                0x0000000000019594                update_time()
 .text._Z17system_timer_tickv
                0x00000000000195d8       0x24 ym/microbit-dal/source/microbit-dal.a(MicroBitSystemTimer.cpp.o)
                0x00000000000195d8                system_timer_tick()
 .text._Z25system_timer_current_timev
                0x00000000000195fc       0x1c ym/microbit-dal/source/microbit-dal.a(MicroBitSystemTimer.cpp.o)
                0x00000000000195fc                system_timer_current_time()
 .text._Z28system_timer_current_time_usv
                0x0000000000019618       0x14 ym/microbit-dal/source/microbit-dal.a(MicroBitSystemTimer.cpp.o)
                0x0000000000019618                system_timer_current_time_us()
 .text._Z26system_timer_add_componentP17MicroBitComponent
                0x000000000001962c       0x3c ym/microbit-dal/source/microbit-dal.a(MicroBitSystemTimer.cpp.o)
                0x000000000001962c                system_timer_add_component(MicroBitComponent*)
 .text._Z29system_timer_remove_componentP17MicroBitComponent
                0x0000000000019668       0x1c ym/microbit-dal/source/microbit-dal.a(MicroBitSystemTimer.cpp.o)
                0x0000000000019668                system_timer_remove_component(MicroBitComponent*)
 .text._ZN13ManagedStringC2EPKc
                0x0000000000019684       0x20 ym/microbit-dal/source/microbit-dal.a(ManagedString.cpp.o)
                0x0000000000019684                ManagedString::ManagedString(char const*)
                0x0000000000019684                ManagedString::ManagedString(char const*)
 .text._ZN13ManagedStringC2EPKcs
                0x00000000000196a4       0x54 ym/microbit-dal/source/microbit-dal.a(ManagedString.cpp.o)
                0x00000000000196a4                ManagedString::ManagedString(char const*, short)
                0x00000000000196a4                ManagedString::ManagedString(char const*, short)
 .text._ZN13ManagedStringC2Ev
                0x00000000000196f8        0xc ym/microbit-dal/source/microbit-dal.a(ManagedString.cpp.o)
                0x00000000000196f8                ManagedString::ManagedString()
                0x00000000000196f8                ManagedString::ManagedString()
 .text.startup._GLOBAL__sub_I__ZN13ManagedString9initEmptyEv
                0x0000000000019704       0x28 ym/microbit-dal/source/microbit-dal.a(ManagedString.cpp.o)
 .text._ZN13MicroBitEvent4fireEv
                0x000000000001972c       0x28 ym/microbit-dal/source/microbit-dal.a(MicroBitEvent.cpp.o)
                0x000000000001972c                MicroBitEvent::fire()
 .text._ZN13MicroBitImageC2Ev
                0x0000000000019754        0xc ym/microbit-dal/source/microbit-dal.a(MicroBitImage.cpp.o)
                0x0000000000019754                MicroBitImage::MicroBitImage()
                0x0000000000019754                MicroBitImage::MicroBitImage()
 .text._ZN13MicroBitImageC2EP9ImageData
                0x0000000000019760       0x20 ym/microbit-dal/source/microbit-dal.a(MicroBitImage.cpp.o)
                0x0000000000019760                MicroBitImage::MicroBitImage(ImageData*)
                0x0000000000019760                MicroBitImage::MicroBitImage(ImageData*)
 .text._ZN13MicroBitImage13setPixelValueEssh
                0x0000000000019780       0x2c ym/microbit-dal/source/microbit-dal.a(MicroBitImage.cpp.o)
                0x0000000000019780                MicroBitImage::setPixelValue(short, short, unsigned char)
 .text._ZN13MicroBitImage10printImageEssPKh
                0x00000000000197ac       0x60 ym/microbit-dal/source/microbit-dal.a(MicroBitImage.cpp.o)
                0x00000000000197ac                MicroBitImage::printImage(short, short, unsigned char const*)
 .text._ZN13MicroBitImage4initEssPKh
                0x000000000001980c       0x4c ym/microbit-dal/source/microbit-dal.a(MicroBitImage.cpp.o)
                0x000000000001980c                MicroBitImage::init(short, short, unsigned char const*)
 .text._ZN13MicroBitImageC2EPKc
                0x0000000000019858       0xa0 ym/microbit-dal/source/microbit-dal.a(MicroBitImage.cpp.o)
                0x0000000000019858                MicroBitImage::MicroBitImage(char const*)
                0x0000000000019858                MicroBitImage::MicroBitImage(char const*)
 .text._ZN13MicroBitImage5printEcss
                0x00000000000198f8       0x94 ym/microbit-dal/source/microbit-dal.a(MicroBitImage.cpp.o)
                0x00000000000198f8                MicroBitImage::print(char, short, short)
 .text._ZN13MicroBitImage9shiftLeftEs
                0x000000000001998c       0x50 ym/microbit-dal/source/microbit-dal.a(MicroBitImage.cpp.o)
                0x000000000001998c                MicroBitImage::shiftLeft(short)
 .text.startup._GLOBAL__sub_I__ZN13MicroBitImage10EmptyImageE
                0x00000000000199dc       0x28 ym/microbit-dal/source/microbit-dal.a(MicroBitImage.cpp.o)
 .text.startup._GLOBAL__sub_I__ZN12PacketBuffer11EmptyPacketE
                0x0000000000019a04       0x24 ym/microbit-dal/source/microbit-dal.a(PacketBuffer.cpp.o)
 .text._ZL16isReadOnlyInlineP10RefCounted
                0x0000000000019a28       0x24 ym/microbit-dal/source/microbit-dal.a(RefCounted.cpp.o)
 .text._ZN21MicroBitAccelerometer9configureEv
                0x0000000000019a4c        0x8 ym/microbit-dal/source/microbit-dal.a(MicroBitAccelerometer.cpp.o)
                0x0000000000019a4c                MicroBitAccelerometer::configure()
 .text._ZN21MicroBitAccelerometer13requestUpdateEv
                0x0000000000019a54       0x10 ym/microbit-dal/source/microbit-dal.a(MicroBitAccelerometer.cpp.o)
                0x0000000000019a54                MicroBitAccelerometer::requestUpdate()
 .text._ZN21MicroBitAccelerometerC2ER15CoordinateSpacet
                0x0000000000019a64       0x58 ym/microbit-dal/source/microbit-dal.a(MicroBitAccelerometer.cpp.o)
                0x0000000000019a64                MicroBitAccelerometer::MicroBitAccelerometer(CoordinateSpace&, unsigned short)
                0x0000000000019a64                MicroBitAccelerometer::MicroBitAccelerometer(CoordinateSpace&, unsigned short)
 .text._ZN21MicroBitAccelerometer10autoDetectER11MicroBitI2C
                0x0000000000019abc      0x160 ym/microbit-dal/source/microbit-dal.a(MicroBitAccelerometer.cpp.o)
                0x0000000000019abc                MicroBitAccelerometer::autoDetect(MicroBitI2C&)
 .text._ZN21MicroBitAccelerometer20instantaneousPostureEv
                0x0000000000019c1c      0x194 ym/microbit-dal/source/microbit-dal.a(MicroBitAccelerometer.cpp.o)
                0x0000000000019c1c                MicroBitAccelerometer::instantaneousPosture()
 .text._ZN14MicroBitButton10systemTickEv
                0x0000000000019db0       0xe0 ym/microbit-dal/source/microbit-dal.a(MicroBitButton.cpp.o)
                0x0000000000019db0                MicroBitButton::systemTick()
 .text._ZN14MicroBitButtonD2Ev
                0x0000000000019e90       0x18 ym/microbit-dal/source/microbit-dal.a(MicroBitButton.cpp.o)
                0x0000000000019e90                MicroBitButton::~MicroBitButton()
                0x0000000000019e90                MicroBitButton::~MicroBitButton()
 .text._ZN14MicroBitButtonC2E7PinNamet32MicroBitButtonEventConfiguration7PinMode
                0x0000000000019ea8       0x5c ym/microbit-dal/source/microbit-dal.a(MicroBitButton.cpp.o)
                0x0000000000019ea8                MicroBitButton::MicroBitButton(PinName, unsigned short, MicroBitButtonEventConfiguration, PinMode)
                0x0000000000019ea8                MicroBitButton::MicroBitButton(PinName, unsigned short, MicroBitButtonEventConfiguration, PinMode)
 .text._ZN15MicroBitCompass9configureEv
                0x0000000000019f04        0x8 ym/microbit-dal/source/microbit-dal.a(MicroBitCompass.cpp.o)
                0x0000000000019f04                MicroBitCompass::configure()
 .text._ZN15MicroBitCompass13requestUpdateEv
                0x0000000000019f0c       0x10 ym/microbit-dal/source/microbit-dal.a(MicroBitCompass.cpp.o)
                0x0000000000019f0c                MicroBitCompass::requestUpdate()
 .text._ZN15MicroBitCompassC2ER15CoordinateSpacet
                0x0000000000019f1c       0x44 ym/microbit-dal/source/microbit-dal.a(MicroBitCompass.cpp.o)
                0x0000000000019f1c                MicroBitCompass::MicroBitCompass(CoordinateSpace&, unsigned short)
                0x0000000000019f1c                MicroBitCompass::MicroBitCompass(CoordinateSpace&, unsigned short)
 .text._ZN15MicroBitCompass10autoDetectER11MicroBitI2C
                0x0000000000019f60      0x15c ym/microbit-dal/source/microbit-dal.a(MicroBitCompass.cpp.o)
                0x0000000000019f60                MicroBitCompass::autoDetect(MicroBitI2C&)
 .text._ZN25MicroBitCompassCalibrator11calibrateUXE13MicroBitEvent
                0x000000000001a0bc      0x29c ym/microbit-dal/source/microbit-dal.a(MicroBitCompassCalibrator.cpp.o)
                0x000000000001a0bc                MicroBitCompassCalibrator::calibrateUX(MicroBitEvent)
 .text._ZN10EventModel6listenI25MicroBitCompassCalibratorEEittPT_MS2_Fv13MicroBitEventEt
                0x000000000001a358       0xac ym/microbit-dal/source/microbit-dal.a(MicroBitCompassCalibrator.cpp.o)
                0x000000000001a358                int EventModel::listen<MicroBitCompassCalibrator>(unsigned short, unsigned short, MicroBitCompassCalibrator*, void (MicroBitCompassCalibrator::*)(MicroBitEvent), unsigned short)
 .text._ZN25MicroBitCompassCalibratorC2ER15MicroBitCompassR21MicroBitAccelerometerR15MicroBitDisplayR15MicroBitStorage
                0x000000000001a404       0x80 ym/microbit-dal/source/microbit-dal.a(MicroBitCompassCalibrator.cpp.o)
                0x000000000001a404                MicroBitCompassCalibrator::MicroBitCompassCalibrator(MicroBitCompass&, MicroBitAccelerometer&, MicroBitDisplay&, MicroBitStorage&)
                0x000000000001a404                MicroBitCompassCalibrator::MicroBitCompassCalibrator(MicroBitCompass&, MicroBitAccelerometer&, MicroBitDisplay&, MicroBitStorage&)
 .text._ZN15MicroBitDisplay15renderGreyscaleEv
                0x000000000001a484       0xfc ym/microbit-dal/source/microbit-dal.a(MicroBitDisplay.cpp.o)
                0x000000000001a484                MicroBitDisplay::renderGreyscale()
 .text._ZN4mbed6TickerD2Ev
                0x000000000001a580       0x1c ym/microbit-dal/source/microbit-dal.a(MicroBitDisplay.cpp.o)
                0x000000000001a580                mbed::Ticker::~Ticker()
                0x000000000001a580                mbed::Ticker::~Ticker()
 .text._ZN15MicroBitDisplayD2Ev
                0x000000000001a59c       0x48 ym/microbit-dal/source/microbit-dal.a(MicroBitDisplay.cpp.o)
                0x000000000001a59c                MicroBitDisplay::~MicroBitDisplay()
                0x000000000001a59c                MicroBitDisplay::~MicroBitDisplay()
 .text._ZN15MicroBitDisplayC2EtRK9MatrixMap
                0x000000000001a5e4       0xd8 ym/microbit-dal/source/microbit-dal.a(MicroBitDisplay.cpp.o)
                0x000000000001a5e4                MicroBitDisplay::MicroBitDisplay(unsigned short, MatrixMap const&)
                0x000000000001a5e4                MicroBitDisplay::MicroBitDisplay(unsigned short, MatrixMap const&)
 .text._ZN15MicroBitDisplay6renderEv
                0x000000000001a6bc       0xf4 ym/microbit-dal/source/microbit-dal.a(MicroBitDisplay.cpp.o)
                0x000000000001a6bc                MicroBitDisplay::render()
 .text._ZN15MicroBitDisplay26sendAnimationCompleteEventEv
                0x000000000001a7b0       0x24 ym/microbit-dal/source/microbit-dal.a(MicroBitDisplay.cpp.o)
                0x000000000001a7b0                MicroBitDisplay::sendAnimationCompleteEvent()
 .text._ZN15MicroBitDisplay13stopAnimationEv
                0x000000000001a7d4       0x38 ym/microbit-dal/source/microbit-dal.a(MicroBitDisplay.cpp.o)
                0x000000000001a7d4                MicroBitDisplay::stopAnimation()
 .text._ZN15MicroBitDisplay18waitForFreeDisplayEv
                0x000000000001a80c       0x20 ym/microbit-dal/source/microbit-dal.a(MicroBitDisplay.cpp.o)
                0x000000000001a80c                MicroBitDisplay::waitForFreeDisplay()
 .text._ZN15MicroBitDisplay9fiberWaitEv
                0x000000000001a82c       0x2c ym/microbit-dal/source/microbit-dal.a(MicroBitDisplay.cpp.o)
                0x000000000001a82c                MicroBitDisplay::fiberWait()
 .text._ZN15MicroBitDisplay10printAsyncE13MicroBitImageiiii
                0x000000000001a858       0x54 ym/microbit-dal/source/microbit-dal.a(MicroBitDisplay.cpp.o)
                0x000000000001a858                MicroBitDisplay::printAsync(MicroBitImage, int, int, int, int)
 .text._ZN15MicroBitDisplay5printE13MicroBitImageiiii
                0x000000000001a8ac       0x64 ym/microbit-dal/source/microbit-dal.a(MicroBitDisplay.cpp.o)
                0x000000000001a8ac                MicroBitDisplay::print(MicroBitImage, int, int, int, int)
 .text._ZN15MicroBitDisplay11scrollAsyncE13ManagedStringi
                0x000000000001a910       0x54 ym/microbit-dal/source/microbit-dal.a(MicroBitDisplay.cpp.o)
                0x000000000001a910                MicroBitDisplay::scrollAsync(ManagedString, int)
 .text._ZN15MicroBitDisplay6scrollE13ManagedStringi
                0x000000000001a964       0x4c ym/microbit-dal/source/microbit-dal.a(MicroBitDisplay.cpp.o)
                0x000000000001a964                MicroBitDisplay::scroll(ManagedString, int)
 .text._ZN15MicroBitDisplay12animateAsyncE13MicroBitImageiiii
                0x000000000001a9b0       0x78 ym/microbit-dal/source/microbit-dal.a(MicroBitDisplay.cpp.o)
                0x000000000001a9b0                MicroBitDisplay::animateAsync(MicroBitImage, int, int, int, int)
 .text._ZN15MicroBitDisplay7animateE13MicroBitImageiiii
                0x000000000001aa28       0x5c ym/microbit-dal/source/microbit-dal.a(MicroBitDisplay.cpp.o)
                0x000000000001aa28                MicroBitDisplay::animate(MicroBitImage, int, int, int, int)
 .text._ZN15MicroBitDisplay13setBrightnessEi
                0x000000000001aa84       0x14 ym/microbit-dal/source/microbit-dal.a(MicroBitDisplay.cpp.o)
                0x000000000001aa84                MicroBitDisplay::setBrightness(int)
 .text._ZN11MicroBitI2C4readEiPcib
                0x000000000001aa98       0x20 ym/microbit-dal/source/microbit-dal.a(MicroBitI2C.cpp.o)
                0x000000000001aa98                MicroBitI2C::read(int, char*, int, bool)
 .text._ZN11MicroBitI2C5writeEiPKcib
                0x000000000001aab8       0x20 ym/microbit-dal/source/microbit-dal.a(MicroBitI2C.cpp.o)
                0x000000000001aab8                MicroBitI2C::write(int, char const*, int, bool)
 .text._ZN11MicroBitI2C12readRegisterEhhPhi
                0x000000000001aad8       0x4c ym/microbit-dal/source/microbit-dal.a(MicroBitI2C.cpp.o)
                0x000000000001aad8                MicroBitI2C::readRegister(unsigned char, unsigned char, unsigned char*, int)
 .text._ZN18MicroBitMessageBus6removeEP16MicroBitListener
                0x000000000001ab24       0x94 ym/microbit-dal/source/microbit-dal.a(MicroBitMessageBus.cpp.o)
                0x000000000001ab24                MicroBitMessageBus::remove(MicroBitListener*)
 .text._ZN18MicroBitMessageBus3addEP16MicroBitListener
                0x000000000001abb8       0xe0 ym/microbit-dal/source/microbit-dal.a(MicroBitMessageBus.cpp.o)
                0x000000000001abb8                MicroBitMessageBus::add(MicroBitListener*)
 .text._ZN18MicroBitMessageBusD2Ev
                0x000000000001ac98       0x20 ym/microbit-dal/source/microbit-dal.a(MicroBitMessageBus.cpp.o)
                0x000000000001ac98                MicroBitMessageBus::~MicroBitMessageBus()
                0x000000000001ac98                MicroBitMessageBus::~MicroBitMessageBus()
 .text._ZThn8_N18MicroBitMessageBusD1Ev
                0x000000000001acb8       0x10 ym/microbit-dal/source/microbit-dal.a(MicroBitMessageBus.cpp.o)
                0x000000000001acb8                non-virtual thunk to MicroBitMessageBus::~MicroBitMessageBus()
 .text._ZThn8_N18MicroBitMessageBusD0Ev
                0x000000000001acc8       0x10 ym/microbit-dal/source/microbit-dal.a(MicroBitMessageBus.cpp.o)
                0x000000000001acc8                non-virtual thunk to MicroBitMessageBus::~MicroBitMessageBus()
 .text._ZN18MicroBitMessageBusC2Ev
                0x000000000001acd8       0x3c ym/microbit-dal/source/microbit-dal.a(MicroBitMessageBus.cpp.o)
                0x000000000001acd8                MicroBitMessageBus::MicroBitMessageBus()
                0x000000000001acd8                MicroBitMessageBus::MicroBitMessageBus()
 .text._ZN18MicroBitMessageBus7processER13MicroBitEventb
                0x000000000001ad14       0x84 ym/microbit-dal/source/microbit-dal.a(MicroBitMessageBus.cpp.o)
                0x000000000001ad14                MicroBitMessageBus::process(MicroBitEvent&, bool)
 .text._ZThn8_N18MicroBitMessageBus8idleTickEv
                0x000000000001ad98       0x10 ym/microbit-dal/source/microbit-dal.a(MicroBitMessageBus.cpp.o)
                0x000000000001ad98                non-virtual thunk to MicroBitMessageBus::idleTick()
 .text._ZN10EventModel6listenI19MicroBitMultiButtonEEittPT_MS2_Fv13MicroBitEventEt
                0x000000000001ada8       0xac ym/microbit-dal/source/microbit-dal.a(MicroBitMultiButton.cpp.o)
                0x000000000001ada8                int EventModel::listen<MicroBitMultiButton>(unsigned short, unsigned short, MicroBitMultiButton*, void (MicroBitMultiButton::*)(MicroBitEvent), unsigned short)
 .text._ZN19MicroBitMultiButtonC2Ettt
                0x000000000001ae54       0x70 ym/microbit-dal/source/microbit-dal.a(MicroBitMultiButton.cpp.o)
                0x000000000001ae54                MicroBitMultiButton::MicroBitMultiButton(unsigned short, unsigned short, unsigned short)
                0x000000000001ae54                MicroBitMultiButton::MicroBitMultiButton(unsigned short, unsigned short, unsigned short)
 .text._ZN11MicroBitPinC2Ei7PinName13PinCapability
                0x000000000001aec4       0x1c ym/microbit-dal/source/microbit-dal.a(MicroBitPin.cpp.o)
                0x000000000001aec4                MicroBitPin::MicroBitPin(int, PinName, PinCapability)
                0x000000000001aec4                MicroBitPin::MicroBitPin(int, PinName, PinCapability)
 .text._ZN11MicroBitPin10disconnectEv
                0x000000000001aee0       0x7c ym/microbit-dal/source/microbit-dal.a(MicroBitPin.cpp.o)
                0x000000000001aee0                MicroBitPin::disconnect()
 .text._ZN11MicroBitPin15getDigitalValueEv
                0x000000000001af5c       0x6c ym/microbit-dal/source/microbit-dal.a(MicroBitPin.cpp.o)
                0x000000000001af5c                MicroBitPin::getDigitalValue()
 .text._ZN11MicroBitPin7setPullE7PinMode
                0x000000000001afc8       0x2c ym/microbit-dal/source/microbit-dal.a(MicroBitPin.cpp.o)
                0x000000000001afc8                MicroBitPin::setPull(PinMode)
 .text._ZN13MicroBitRadioC2Et
                0x000000000001aff4       0x44 ym/microbit-dal/source/microbit-dal.a(MicroBitRadio.cpp.o)
                0x000000000001aff4                MicroBitRadio::MicroBitRadio(unsigned short)
                0x000000000001aff4                MicroBitRadio::MicroBitRadio(unsigned short)
 .text._ZN13MicroBitRadio7setRSSIEi
                0x000000000001b038       0x14 ym/microbit-dal/source/microbit-dal.a(MicroBitRadio.cpp.o)
                0x000000000001b038                MicroBitRadio::setRSSI(int)
 .text._ZN13MicroBitRadio7getRSSIEv
                0x000000000001b04c       0x14 ym/microbit-dal/source/microbit-dal.a(MicroBitRadio.cpp.o)
                0x000000000001b04c                MicroBitRadio::getRSSI()
 .text._ZN13MicroBitRadio10queueRxBufEv
                0x000000000001b060       0x5c ym/microbit-dal/source/microbit-dal.a(MicroBitRadio.cpp.o)
                0x000000000001b060                MicroBitRadio::queueRxBuf()
 .text.RADIO_IRQHandler
                0x000000000001b0bc       0x64 ym/microbit-dal/source/microbit-dal.a(MicroBitRadio.cpp.o)
                0x000000000001b0bc                RADIO_IRQHandler
 .text._ZN13MicroBitRadio4recvEv
                0x000000000001b120       0x28 ym/microbit-dal/source/microbit-dal.a(MicroBitRadio.cpp.o)
                0x000000000001b120                MicroBitRadio::recv()
 .text._ZN14MicroBitSerial4baudEi
                0x000000000001b148       0x14 ym/microbit-dal/source/microbit-dal.a(MicroBitSerial.cpp.o)
                0x000000000001b148                MicroBitSerial::baud(int)
 .text._ZN14MicroBitSerialC2E7PinNameS0_hh
                0x000000000001b15c       0x50 ym/microbit-dal/source/microbit-dal.a(MicroBitSerial.cpp.o)
                0x000000000001b15c                MicroBitSerial::MicroBitSerial(PinName, PinName, unsigned char, unsigned char)
                0x000000000001b15c                MicroBitSerial::MicroBitSerial(PinName, PinName, unsigned char, unsigned char)
 .text._ZN15MicroBitStorage4sizeEv
                0x000000000001b1ac       0x60 ym/microbit-dal/source/microbit-dal.a(MicroBitStorage.cpp.o)
                0x000000000001b1ac                MicroBitStorage::size()
 .text._ZN15MicroBitStorage3putEPKcPhi
                0x000000000001b20c      0x1ac ym/microbit-dal/source/microbit-dal.a(MicroBitStorage.cpp.o)
                0x000000000001b20c                MicroBitStorage::put(char const*, unsigned char*, int)
 .text._ZN15MicroBitStorage6removeEPKc
                0x000000000001b3b8       0xd4 ym/microbit-dal/source/microbit-dal.a(MicroBitStorage.cpp.o)
                0x000000000001b3b8                MicroBitStorage::remove(char const*)
 .text._ZN19MicroBitThermometerC2ER15MicroBitStoraget
                0x000000000001b48c       0x48 ym/microbit-dal/source/microbit-dal.a(MicroBitThermometer.cpp.o)
                0x000000000001b48c                MicroBitThermometer::MicroBitThermometer(MicroBitStorage&, unsigned short)
                0x000000000001b48c                MicroBitThermometer::MicroBitThermometer(MicroBitStorage&, unsigned short)
 .text._ZN19MicroBitThermometer12updateSampleEv
                0x000000000001b4d4       0x8c ym/microbit-dal/source/microbit-dal.a(MicroBitThermometer.cpp.o)
                0x000000000001b4d4                MicroBitThermometer::updateSample()
 .text._ZL18nvmc_event_handlerm
                0x000000000001b560       0x10 ym/microbit-dal/source/microbit-dal.a(MicroBitFlash.cpp.o)
 .text._ZN13MicroBitFlashC2Ev
                0x000000000001b570       0x24 ym/microbit-dal/source/microbit-dal.a(MicroBitFlash.cpp.o)
                0x000000000001b570                MicroBitFlash::MicroBitFlash()
                0x000000000001b570                MicroBitFlash::MicroBitFlash()
 .text._ZN13MicroBitFlash10erase_pageEPm
                0x000000000001b594       0x6c ym/microbit-dal/source/microbit-dal.a(MicroBitFlash.cpp.o)
                0x000000000001b594                MicroBitFlash::erase_page(unsigned long*)
 .text._ZN13MicroBitFlash10flash_burnEPmS0_i
                0x000000000001b600       0x7c ym/microbit-dal/source/microbit-dal.a(MicroBitFlash.cpp.o)
                0x000000000001b600                MicroBitFlash::flash_burn(unsigned long*, unsigned long*, int)
 .text._ZThn68_N8FXOS87008idleTickEv
                0x000000000001b67c       0x10 ym/microbit-dal/source/microbit-dal.a(FXOS8700.cpp.o)
                0x000000000001b67c                non-virtual thunk to FXOS8700::idleTick()
 .text._ZN8FXOS87009configureEv
                0x000000000001b68c       0xe4 ym/microbit-dal/source/microbit-dal.a(FXOS8700.cpp.o)
                0x000000000001b68c                FXOS8700::configure()
 .text._ZThn68_N8FXOS87009configureEv
                0x000000000001b770       0x10 ym/microbit-dal/source/microbit-dal.a(FXOS8700.cpp.o)
                0x000000000001b770                non-virtual thunk to FXOS8700::configure()
 .text._ZN8FXOS8700D2Ev
                0x000000000001b780       0x24 ym/microbit-dal/source/microbit-dal.a(FXOS8700.cpp.o)
                0x000000000001b780                FXOS8700::~FXOS8700()
                0x000000000001b780                FXOS8700::~FXOS8700()
 .text._ZThn68_N8FXOS8700D1Ev
                0x000000000001b7a4       0x10 ym/microbit-dal/source/microbit-dal.a(FXOS8700.cpp.o)
                0x000000000001b7a4                non-virtual thunk to FXOS8700::~FXOS8700()
 .text._ZThn68_N8FXOS8700D0Ev
                0x000000000001b7b4       0x10 ym/microbit-dal/source/microbit-dal.a(FXOS8700.cpp.o)
                0x000000000001b7b4                non-virtual thunk to FXOS8700::~FXOS8700()
 .text._ZN8FXOS870013requestUpdateEv
                0x000000000001b7c4       0xfc ym/microbit-dal/source/microbit-dal.a(FXOS8700.cpp.o)
                0x000000000001b7c4                FXOS8700::requestUpdate()
 .text._ZThn68_N8FXOS870013requestUpdateEv
                0x000000000001b8c0       0x10 ym/microbit-dal/source/microbit-dal.a(FXOS8700.cpp.o)
                0x000000000001b8c0                non-virtual thunk to FXOS8700::requestUpdate()
 .text._ZN8FXOS8700C2ER11MicroBitI2C11MicroBitPinR15CoordinateSpacettt
                0x000000000001b8d0       0x80 ym/microbit-dal/source/microbit-dal.a(FXOS8700.cpp.o)
                0x000000000001b8d0                FXOS8700::FXOS8700(MicroBitI2C&, MicroBitPin, CoordinateSpace&, unsigned short, unsigned short, unsigned short)
                0x000000000001b8d0                FXOS8700::FXOS8700(MicroBitI2C&, MicroBitPin, CoordinateSpace&, unsigned short, unsigned short, unsigned short)
 .text._ZN7MMA86539configureEv
                0x000000000001b950       0xb4 ym/microbit-dal/source/microbit-dal.a(MMA8653.cpp.o)
                0x000000000001b950                MMA8653::configure()
 .text._ZN7MMA8653D2Ev
                0x000000000001ba04       0x18 ym/microbit-dal/source/microbit-dal.a(MMA8653.cpp.o)
                0x000000000001ba04                MMA8653::~MMA8653()
                0x000000000001ba04                MMA8653::~MMA8653()
 .text._ZN7MMA865313requestUpdateEv
                0x000000000001ba1c       0x78 ym/microbit-dal/source/microbit-dal.a(MMA8653.cpp.o)
                0x000000000001ba1c                MMA8653::requestUpdate()
 .text._ZN7MMA8653C2ER11MicroBitI2C11MicroBitPinR15CoordinateSpacett
                0x000000000001ba94       0x5c ym/microbit-dal/source/microbit-dal.a(MMA8653.cpp.o)
                0x000000000001ba94                MMA8653::MMA8653(MicroBitI2C&, MicroBitPin, CoordinateSpace&, unsigned short, unsigned short)
                0x000000000001ba94                MMA8653::MMA8653(MicroBitI2C&, MicroBitPin, CoordinateSpace&, unsigned short, unsigned short)
 .text._ZN7MAG3110D2Ev
                0x000000000001baf0       0x18 ym/microbit-dal/source/microbit-dal.a(MAG3110.cpp.o)
                0x000000000001baf0                MAG3110::~MAG3110()
                0x000000000001baf0                MAG3110::~MAG3110()
 .text._ZN7MAG31109configureEv
                0x000000000001bb08       0xa4 ym/microbit-dal/source/microbit-dal.a(MAG3110.cpp.o)
                0x000000000001bb08                MAG3110::configure()
 .text._ZN7MAG311013requestUpdateEv
                0x000000000001bbac       0x90 ym/microbit-dal/source/microbit-dal.a(MAG3110.cpp.o)
                0x000000000001bbac                MAG3110::requestUpdate()
 .text._ZN7MAG3110C2ER11MicroBitI2C11MicroBitPinR15CoordinateSpacett
                0x000000000001bc3c       0x54 ym/microbit-dal/source/microbit-dal.a(MAG3110.cpp.o)
                0x000000000001bc3c                MAG3110::MAG3110(MicroBitI2C&, MicroBitPin, CoordinateSpace&, unsigned short, unsigned short)
                0x000000000001bc3c                MAG3110::MAG3110(MicroBitI2C&, MicroBitPin, CoordinateSpace&, unsigned short, unsigned short)
 .text._ZN19LSM303Accelerometer9configureEv
                0x000000000001bc90       0x94 ym/microbit-dal/source/microbit-dal.a(LSM303Accelerometer.cpp.o)
                0x000000000001bc90                LSM303Accelerometer::configure()
 .text._ZN19LSM303AccelerometerD2Ev
                0x000000000001bd24       0x18 ym/microbit-dal/source/microbit-dal.a(LSM303Accelerometer.cpp.o)
                0x000000000001bd24                LSM303Accelerometer::~LSM303Accelerometer()
                0x000000000001bd24                LSM303Accelerometer::~LSM303Accelerometer()
 .text._ZN19LSM303Accelerometer13requestUpdateEv
                0x000000000001bd3c       0x94 ym/microbit-dal/source/microbit-dal.a(LSM303Accelerometer.cpp.o)
                0x000000000001bd3c                LSM303Accelerometer::requestUpdate()
 .text._ZN19LSM303AccelerometerC2ER11MicroBitI2C11MicroBitPinR15CoordinateSpacett
                0x000000000001bdd0       0x5c ym/microbit-dal/source/microbit-dal.a(LSM303Accelerometer.cpp.o)
                0x000000000001bdd0                LSM303Accelerometer::LSM303Accelerometer(MicroBitI2C&, MicroBitPin, CoordinateSpace&, unsigned short, unsigned short)
                0x000000000001bdd0                LSM303Accelerometer::LSM303Accelerometer(MicroBitI2C&, MicroBitPin, CoordinateSpace&, unsigned short, unsigned short)
 .text._ZN18LSM303Magnetometer9configureEv
                0x000000000001be2c       0x60 ym/microbit-dal/source/microbit-dal.a(LSM303Magnetometer.cpp.o)
                0x000000000001be2c                LSM303Magnetometer::configure()
 .text._ZN18LSM303MagnetometerD2Ev
                0x000000000001be8c       0x18 ym/microbit-dal/source/microbit-dal.a(LSM303Magnetometer.cpp.o)
                0x000000000001be8c                LSM303Magnetometer::~LSM303Magnetometer()
                0x000000000001be8c                LSM303Magnetometer::~LSM303Magnetometer()
 .text._ZN18LSM303Magnetometer13requestUpdateEv
                0x000000000001bea4       0x70 ym/microbit-dal/source/microbit-dal.a(LSM303Magnetometer.cpp.o)
                0x000000000001bea4                LSM303Magnetometer::requestUpdate()
 .text._ZN18LSM303MagnetometerC2ER11MicroBitI2C11MicroBitPinR15CoordinateSpacett
                0x000000000001bf14       0x54 ym/microbit-dal/source/microbit-dal.a(LSM303Magnetometer.cpp.o)
                0x000000000001bf14                LSM303Magnetometer::LSM303Magnetometer(MicroBitI2C&, MicroBitPin, CoordinateSpace&, unsigned short, unsigned short)
                0x000000000001bf14                LSM303Magnetometer::LSM303Magnetometer(MicroBitI2C&, MicroBitPin, CoordinateSpace&, unsigned short, unsigned short)
 .text._ZN18MicroBitBLEManagerD2Ev
                0x000000000001bf68       0x20 ym/microbit-dal/source/microbit-dal.a(MicroBitBLEManager.cpp.o)
                0x000000000001bf68                MicroBitBLEManager::~MicroBitBLEManager()
                0x000000000001bf68                MicroBitBLEManager::~MicroBitBLEManager()
 .text._ZL25bleSysAttrMissingCallbackPK32GattSysAttrMissingCallbackParams
                0x000000000001bf88       0xc4 ym/microbit-dal/source/microbit-dal.a(MicroBitBLEManager.cpp.o)
 .text._ZN18MicroBitBLEManager8idleTickEv
                0x000000000001c04c      0x114 ym/microbit-dal/source/microbit-dal.a(MicroBitBLEManager.cpp.o)
                0x000000000001c04c                MicroBitBLEManager::idleTick()
 .text._ZN18GapAdvertisingData7addDataENS_10DataType_tEPKhh
                0x000000000001c160       0xc0 ym/microbit-dal/source/microbit-dal.a(MicroBitBLEManager.cpp.o)
                0x000000000001c160                GapAdvertisingData::addData(GapAdvertisingData::DataType_t, unsigned char const*, unsigned char)
 .text._ZN18GattCharacteristicC2ERK4UUIDPhtthPP13GattAttributejb
                0x000000000001c220       0x98 ym/microbit-dal/source/microbit-dal.a(MicroBitBLEManager.cpp.o)
                0x000000000001c220                GattCharacteristic::GattCharacteristic(UUID const&, unsigned char*, unsigned short, unsigned short, unsigned char, GattAttribute**, unsigned int, bool)
                0x000000000001c220                GattCharacteristic::GattCharacteristic(UUID const&, unsigned char*, unsigned short, unsigned short, unsigned char, GattAttribute**, unsigned int, bool)
 .text._ZN3BLE22setAdvertisingIntervalEt
                0x000000000001c2b8       0x3c ym/microbit-dal/source/microbit-dal.a(MicroBitBLEManager.cpp.o)
                0x000000000001c2b8                BLE::setAdvertisingInterval(unsigned short)
 .text._ZN24DeviceInformationServiceC2ER3BLEPKcS3_S3_S3_S3_S3_
                0x000000000001c2f4      0x1d0 ym/microbit-dal/source/microbit-dal.a(MicroBitBLEManager.cpp.o)
                0x000000000001c2f4                DeviceInformationService::DeviceInformationService(BLE&, char const*, char const*, char const*, char const*, char const*, char const*)
                0x000000000001c2f4                DeviceInformationService::DeviceInformationService(BLE&, char const*, char const*, char const*, char const*, char const*, char const*)
 .text._ZN18MicroBitBLEManagerC2ER15MicroBitStorage
                0x000000000001c4c4       0x3c ym/microbit-dal/source/microbit-dal.a(MicroBitBLEManager.cpp.o)
                0x000000000001c4c4                MicroBitBLEManager::MicroBitBLEManager(MicroBitStorage&)
                0x000000000001c4c4                MicroBitBLEManager::MicroBitBLEManager(MicroBitStorage&)
 .text._ZL24bleDisconnectionCallbackPKN3Gap29DisconnectionCallbackParams_tE
                0x000000000001c500       0x3c ym/microbit-dal/source/microbit-dal.a(MicroBitBLEManager.cpp.o)
 .text._ZN18MicroBitBLEManager16setTransmitPowerEi
                0x000000000001c53c       0x34 ym/microbit-dal/source/microbit-dal.a(MicroBitBLEManager.cpp.o)
                0x000000000001c53c                MicroBitBLEManager::setTransmitPower(int)
 .text._ZN18MicroBitBLEManager4initE13ManagedStringS0_R10EventModelb
                0x000000000001c570      0x2d8 ym/microbit-dal/source/microbit-dal.a(MicroBitBLEManager.cpp.o)
                0x000000000001c570                MicroBitBLEManager::init(ManagedString, ManagedString, EventModel&, bool)
 .text._ZL22passkeyDisplayCallbacktPKh
                0x000000000001c848       0x34 ym/microbit-dal/source/microbit-dal.a(MicroBitBLEManager.cpp.o)
 .text._ZL30securitySetupCompletedCallbacktN15SecurityManager26SecurityCompletionStatus_tE
                0x000000000001c87c       0x40 ym/microbit-dal/source/microbit-dal.a(MicroBitBLEManager.cpp.o)
 .text._ZN18MicroBitBLEManager27showManagementModeAnimationER15MicroBitDisplay
                0x000000000001c8bc       0xa8 ym/microbit-dal/source/microbit-dal.a(MicroBitBLEManager.cpp.o)
                0x000000000001c8bc                MicroBitBLEManager::showManagementModeAnimation(MicroBitDisplay&)
 .text._ZN18MicroBitBLEManager11pairingModeER15MicroBitDisplayR14MicroBitButton
                0x000000000001c964      0x29c ym/microbit-dal/source/microbit-dal.a(MicroBitBLEManager.cpp.o)
                0x000000000001c964                MicroBitBLEManager::pairingMode(MicroBitDisplay&, MicroBitButton&)
 .text._ZN18MicroBitDFUServiceC2ER3BLE
                0x000000000001cc00      0x18c ym/microbit-dal/source/microbit-dal.a(MicroBitDFUService.cpp.o)
                0x000000000001cc00                MicroBitDFUService::MicroBitDFUService(BLE&)
                0x000000000001cc00                MicroBitDFUService::MicroBitDFUService(BLE&)
 .text._ZN20MicroBitEventServiceC2ER3BLER10EventModel
                0x000000000001cd8c      0x20c ym/microbit-dal/source/microbit-dal.a(MicroBitEventService.cpp.o)
                0x000000000001cd8c                MicroBitEventService::MicroBitEventService(BLE&, EventModel&)
                0x000000000001cd8c                MicroBitEventService::MicroBitEventService(BLE&, EventModel&)
 .text._ZN16MicroBitListenerC2I20MicroBitEventServiceEEttPT_MS2_Fv13MicroBitEventEt
                0x000000000001cf98       0x68 ym/microbit-dal/source/microbit-dal.a(MicroBitEventService.cpp.o)
                0x000000000001cf98                MicroBitListener::MicroBitListener<MicroBitEventService>(unsigned short, unsigned short, MicroBitEventService*, void (MicroBitEventService::*)(MicroBitEvent), unsigned short)
                0x000000000001cf98                MicroBitListener::MicroBitListener<MicroBitEventService>(unsigned short, unsigned short, MicroBitEventService*, void (MicroBitEventService::*)(MicroBitEvent), unsigned short)
 .text._ZN20MicroBitEventService13onDataWrittenEPK23GattWriteCallbackParams
                0x000000000001d000       0xa0 ym/microbit-dal/source/microbit-dal.a(MicroBitEventService.cpp.o)
                0x000000000001d000                MicroBitEventService::onDataWritten(GattWriteCallbackParams const*)
 .text._ZN20MicroBitEventService8idleTickEv
                0x000000000001d0a0       0x50 ym/microbit-dal/source/microbit-dal.a(MicroBitEventService.cpp.o)
                0x000000000001d0a0                MicroBitEventService::idleTick()
 .text          0x000000000001d0f0      0x124 ym/microbit-dal/source/microbit-dal.a(CortexContextSwitch.s.obj)
                0x000000000001d0f0                swap_context
                0x000000000001d172                save_context
                0x000000000001d1b6                save_register_context
                0x000000000001d1e6                restore_register_context
 .text._Z14string_reversePc
                0x000000000001d214       0x2c ym/microbit-dal/source/microbit-dal.a(MicroBitCompat.cpp.o)
                0x000000000001d214                string_reverse(char*)
 .text._Z4itoaiPc
                0x000000000001d240       0x68 ym/microbit-dal/source/microbit-dal.a(MicroBitCompat.cpp.o)
                0x000000000001d240                itoa(int, char*)
 .text._ZNK13KeyValueTable4findEm
                0x000000000001d2a8       0x28 ym/microbit-dal/source/microbit-dal.a(MicroBitUtil.cpp.o)
                0x000000000001d2a8                KeyValueTable::find(unsigned long) const
 .text._ZN3BLEC2Ej
                0x000000000001d2d0       0x2c ym/ble/source/ble.a(BLE.cpp.o)
                0x000000000001d2d0                BLE::BLE(unsigned int)
                0x000000000001d2d0                BLE::BLE(unsigned int)
 .text._ZN3BLE8InstanceEj
                0x000000000001d2fc       0x44 ym/ble/source/ble.a(BLE.cpp.o)
                0x000000000001d2fc                BLE::Instance(unsigned int)
 .text._ZN3BLE3gapEv
                0x000000000001d340       0x20 ym/ble/source/ble.a(BLE.cpp.o)
                0x000000000001d340                BLE::gap()
 .text._ZN3BLE10gattServerEv
                0x000000000001d360       0x20 ym/ble/source/ble.a(BLE.cpp.o)
                0x000000000001d360                BLE::gattServer()
 .text._ZN3BLE15securityManagerEv
                0x000000000001d380       0x20 ym/ble/source/ble.a(BLE.cpp.o)
                0x000000000001d380                BLE::securityManager()
 .text._ZNK3Gap25getMaxAdvertisingIntervalEv
                0x000000000001d3a0        0x8 ym/ble-nrf51822/source/ble-nrf51822.a(nRF5xn.cpp.o)
                0x000000000001d3a0                Gap::getMaxAdvertisingInterval() const
 .text._ZN10GattClient16discoverServicesEt26FunctionPointerWithContextIPK17DiscoveredServiceERK4UUID
                0x000000000001d3a8       0x60 ym/ble-nrf51822/source/ble-nrf51822.a(nRF5xn.cpp.o)
                0x000000000001d3a8                GattClient::discoverServices(unsigned short, FunctionPointerWithContext<DiscoveredService const*>, UUID const&)
 .text._ZNK6nRF5xn18getSecurityManagerEv
                0x000000000001d408       0x34 ym/ble-nrf51822/source/ble-nrf51822.a(nRF5xn.cpp.o)
                0x000000000001d408                nRF5xn::getSecurityManager() const
 .text._ZN6nRF5xn13getGattClientEv
                0x000000000001d43c       0x48 ym/ble-nrf51822/source/ble-nrf51822.a(nRF5xn.cpp.o)
                0x000000000001d43c                nRF5xn::getGattClient()
 .text._ZN6nRF5xn10getVersionEv
                0x000000000001d484       0x74 ym/ble-nrf51822/source/ble-nrf51822.a(nRF5xn.cpp.o)
                0x000000000001d484                nRF5xn::getVersion()
 .text._ZN38CallChainOfFunctionPointersWithContextIPK23GattWriteCallbackParamsED2Ev
                0x000000000001d4f8       0x14 ym/ble-nrf51822/source/ble-nrf51822.a(nRF5xn.cpp.o)
                0x000000000001d4f8                CallChainOfFunctionPointersWithContext<GattWriteCallbackParams const*>::~CallChainOfFunctionPointersWithContext()
                0x000000000001d4f8                CallChainOfFunctionPointersWithContext<GattWriteCallbackParams const*>::~CallChainOfFunctionPointersWithContext()
 .text._ZN38CallChainOfFunctionPointersWithContextIPK22GattReadCallbackParamsED2Ev
                0x000000000001d50c       0x14 ym/ble-nrf51822/source/ble-nrf51822.a(nRF5xn.cpp.o)
                0x000000000001d50c                CallChainOfFunctionPointersWithContext<GattReadCallbackParams const*>::~CallChainOfFunctionPointersWithContext()
                0x000000000001d50c                CallChainOfFunctionPointersWithContext<GattReadCallbackParams const*>::~CallChainOfFunctionPointersWithContext()
 .text._ZN38CallChainOfFunctionPointersWithContextIjED2Ev
                0x000000000001d520       0x20 ym/ble-nrf51822/source/ble-nrf51822.a(nRF5xn.cpp.o)
                0x000000000001d520                CallChainOfFunctionPointersWithContext<unsigned int>::~CallChainOfFunctionPointersWithContext()
                0x000000000001d520                CallChainOfFunctionPointersWithContext<unsigned int>::~CallChainOfFunctionPointersWithContext()
 .text._ZN38CallChainOfFunctionPointersWithContextIPK32GattSysAttrMissingCallbackParamsED2Ev
                0x000000000001d540       0x20 ym/ble-nrf51822/source/ble-nrf51822.a(nRF5xn.cpp.o)
                0x000000000001d540                CallChainOfFunctionPointersWithContext<GattSysAttrMissingCallbackParams const*>::~CallChainOfFunctionPointersWithContext()
                0x000000000001d540                CallChainOfFunctionPointersWithContext<GattSysAttrMissingCallbackParams const*>::~CallChainOfFunctionPointersWithContext()
 .text._ZN38CallChainOfFunctionPointersWithContextIPK10GattServerED2Ev
                0x000000000001d560       0x20 ym/ble-nrf51822/source/ble-nrf51822.a(nRF5xn.cpp.o)
                0x000000000001d560                CallChainOfFunctionPointersWithContext<GattServer const*>::~CallChainOfFunctionPointersWithContext()
                0x000000000001d560                CallChainOfFunctionPointersWithContext<GattServer const*>::~CallChainOfFunctionPointersWithContext()
 .text._ZN38CallChainOfFunctionPointersWithContextIPK21GattHVXCallbackParamsED2Ev
                0x000000000001d580       0x20 ym/ble-nrf51822/source/ble-nrf51822.a(nRF5xn.cpp.o)
                0x000000000001d580                CallChainOfFunctionPointersWithContext<GattHVXCallbackParams const*>::~CallChainOfFunctionPointersWithContext()
                0x000000000001d580                CallChainOfFunctionPointersWithContext<GattHVXCallbackParams const*>::~CallChainOfFunctionPointersWithContext()
 .text._ZN38CallChainOfFunctionPointersWithContextIPK10GattClientED2Ev
                0x000000000001d5a0       0x20 ym/ble-nrf51822/source/ble-nrf51822.a(nRF5xn.cpp.o)
                0x000000000001d5a0                CallChainOfFunctionPointersWithContext<GattClient const*>::~CallChainOfFunctionPointersWithContext()
                0x000000000001d5a0                CallChainOfFunctionPointersWithContext<GattClient const*>::~CallChainOfFunctionPointersWithContext()
 .text._ZN38CallChainOfFunctionPointersWithContextIN3Gap15TimeoutSource_tEED2Ev
                0x000000000001d5c0       0x20 ym/ble-nrf51822/source/ble-nrf51822.a(nRF5xn.cpp.o)
                0x000000000001d5c0                CallChainOfFunctionPointersWithContext<Gap::TimeoutSource_t>::~CallChainOfFunctionPointersWithContext()
                0x000000000001d5c0                CallChainOfFunctionPointersWithContext<Gap::TimeoutSource_t>::~CallChainOfFunctionPointersWithContext()
 .text._ZN38CallChainOfFunctionPointersWithContextIPKN3Gap26ConnectionCallbackParams_tEED2Ev
                0x000000000001d5e0       0x20 ym/ble-nrf51822/source/ble-nrf51822.a(nRF5xn.cpp.o)
                0x000000000001d5e0                CallChainOfFunctionPointersWithContext<Gap::ConnectionCallbackParams_t const*>::~CallChainOfFunctionPointersWithContext()
                0x000000000001d5e0                CallChainOfFunctionPointersWithContext<Gap::ConnectionCallbackParams_t const*>::~CallChainOfFunctionPointersWithContext()
 .text._ZN38CallChainOfFunctionPointersWithContextIPKN3Gap29DisconnectionCallbackParams_tEED2Ev
                0x000000000001d600       0x20 ym/ble-nrf51822/source/ble-nrf51822.a(nRF5xn.cpp.o)
                0x000000000001d600                CallChainOfFunctionPointersWithContext<Gap::DisconnectionCallbackParams_t const*>::~CallChainOfFunctionPointersWithContext()
                0x000000000001d600                CallChainOfFunctionPointersWithContext<Gap::DisconnectionCallbackParams_t const*>::~CallChainOfFunctionPointersWithContext()
 .text._ZN38CallChainOfFunctionPointersWithContextIPK3GapED2Ev
                0x000000000001d620       0x20 ym/ble-nrf51822/source/ble-nrf51822.a(nRF5xn.cpp.o)
                0x000000000001d620                CallChainOfFunctionPointersWithContext<Gap const*>::~CallChainOfFunctionPointersWithContext()
                0x000000000001d620                CallChainOfFunctionPointersWithContext<Gap const*>::~CallChainOfFunctionPointersWithContext()
 .text._ZN38CallChainOfFunctionPointersWithContextIPK15SecurityManagerED2Ev
                0x000000000001d640       0x20 ym/ble-nrf51822/source/ble-nrf51822.a(nRF5xn.cpp.o)
                0x000000000001d640                CallChainOfFunctionPointersWithContext<SecurityManager const*>::~CallChainOfFunctionPointersWithContext()
                0x000000000001d640                CallChainOfFunctionPointersWithContext<SecurityManager const*>::~CallChainOfFunctionPointersWithContext()
 .text._ZN6nRF5xn18getSecurityManagerEv
                0x000000000001d660       0x34 ym/ble-nrf51822/source/ble-nrf51822.a(nRF5xn.cpp.o)
                0x000000000001d660                nRF5xn::getSecurityManager()
 .text._ZN6nRF5xnD2Ev
                0x000000000001d694       0x54 ym/ble-nrf51822/source/ble-nrf51822.a(nRF5xn.cpp.o)
                0x000000000001d694                nRF5xn::~nRF5xn()
                0x000000000001d694                nRF5xn::~nRF5xn()
 .text._ZN3Gap5resetEv
                0x000000000001d6e8       0xe0 ym/ble-nrf51822/source/ble-nrf51822.a(nRF5xn.cpp.o)
                0x000000000001d6e8                Gap::reset()
 .text._ZN6nRF5xnC2Ev
                0x000000000001d7c8      0x13c ym/ble-nrf51822/source/ble-nrf51822.a(nRF5xn.cpp.o)
                0x000000000001d7c8                nRF5xn::nRF5xn()
                0x000000000001d7c8                nRF5xn::nRF5xn()
 .text._ZN6nRF5xn8InstanceEj
                0x000000000001d904       0x24 ym/ble-nrf51822/source/ble-nrf51822.a(nRF5xn.cpp.o)
                0x000000000001d904                nRF5xn::Instance(unsigned int)
 .text._ZN26FunctionPointerWithContextItEC2EPFvtE
                0x000000000001d928       0x20 ym/ble-nrf51822/source/ble-nrf51822.a(nRF5xn.cpp.o)
                0x000000000001d928                FunctionPointerWithContext<unsigned short>::FunctionPointerWithContext(void (*)(unsigned short))
                0x000000000001d928                FunctionPointerWithContext<unsigned short>::FunctionPointerWithContext(void (*)(unsigned short))
 .text._ZN15nRF5xGattServerC2Ev
                0x000000000001d948       0xc0 ym/ble-nrf51822/source/ble-nrf51822.a(nRF5xn.cpp.o)
                0x000000000001d948                nRF5xGattServer::nRF5xGattServer()
                0x000000000001d948                nRF5xGattServer::nRF5xGattServer()
 .text._ZN8nRF5xGap25getPermittedTxPowerValuesEPPKaPj
                0x000000000001da08       0x10 ym/ble-nrf51822/source/ble-nrf51822.a(nRF5xGap.cpp.o)
                0x000000000001da08                nRF5xGap::getPermittedTxPowerValues(signed char const**, unsigned int*)
 .text._Z31radioNotificationStaticCallbackb
                0x000000000001da18       0x3c ym/ble-nrf51822/source/ble-nrf51822.a(nRF5xGap.cpp.o)
                0x000000000001da18                radioNotificationStaticCallback(bool)
 .text._ZN8nRF5xGap21initRadioNotificationEv
                0x000000000001da54       0x1c ym/ble-nrf51822/source/ble-nrf51822.a(nRF5xGap.cpp.o)
                0x000000000001da54                nRF5xGap::initRadioNotification()
 .text._ZN8nRF5xGap22generateStackWhitelistER19ble_gap_whitelist_t
                0x000000000001da70       0xe0 ym/ble-nrf51822/source/ble-nrf51822.a(nRF5xGap.cpp.o)
                0x000000000001da70                nRF5xGap::generateStackWhitelist(ble_gap_whitelist_t&)
 .text._ZN8nRF5xGap16startAdvertisingERK20GapAdvertisingParams
                0x000000000001db50       0xac ym/ble-nrf51822/source/ble-nrf51822.a(nRF5xGap.cpp.o)
                0x000000000001db50                nRF5xGap::startAdvertising(GapAdvertisingParams const&)
 .text._ZN8nRF5xGap7connectEPKhN11BLEProtocol11AddressType4TypeEPKN3Gap18ConnectionParams_tEPK17GapScanningParams
                0x000000000001dbfc       0xec ym/ble-nrf51822/source/ble-nrf51822.a(nRF5xGap.cpp.o)
                0x000000000001dbfc                nRF5xGap::connect(unsigned char const*, BLEProtocol::AddressType::Type, Gap::ConnectionParams_t const*, GapScanningParams const*)
 .text._ZL16sys_evt_dispatchm
                0x000000000001dce8       0x1c ym/ble-nrf51822/source/ble-nrf51822.a(btle.cpp.o)
 .text._ZL12btle_handlerP9ble_evt_t
                0x000000000001dd04      0x17c ym/ble-nrf51822/source/ble-nrf51822.a(btle.cpp.o)
 .text.btle_set_gatt_table_size
                0x000000000001de80       0x14 ym/ble-nrf51822/source/ble-nrf51822.a(btle.cpp.o)
                0x000000000001de80                btle_set_gatt_table_size
 .text.btle_set_user_evt_handler
                0x000000000001de94        0xc ym/ble-nrf51822/source/ble-nrf51822.a(btle.cpp.o)
                0x000000000001de94                btle_set_user_evt_handler
 .text.btle_init
                0x000000000001dea0       0xac ym/ble-nrf51822/source/ble-nrf51822.a(btle.cpp.o)
                0x000000000001dea0                btle_init
 .text.app_error_handler
                0x000000000001df4c       0x20 ym/ble-nrf51822/source/ble-nrf51822.a(btle.cpp.o)
                0x000000000001df4c                app_error_handler
 .text._Z13btle_gap_initv
                0x000000000001df6c       0x58 ym/ble-nrf51822/source/ble-nrf51822.a(btle_gap.cpp.o)
                0x000000000001df6c                btle_gap_init()
 .text._ZN15nRF5xGattServer4readEtPhPt
                0x000000000001dfc4       0x18 ym/ble-nrf51822/source/ble-nrf51822.a(nRF5xGattServer.cpp.o)
                0x000000000001dfc4                nRF5xGattServer::read(unsigned short, unsigned char*, unsigned short*)
 .text._ZN15nRF5xGattServer5writeEtPKhtb
                0x000000000001dfdc       0x1c ym/ble-nrf51822/source/ble-nrf51822.a(nRF5xGattServer.cpp.o)
                0x000000000001dfdc                nRF5xGattServer::write(unsigned short, unsigned char const*, unsigned short, bool)
 .text._ZN15nRF5xGattServer5writeEttPKhtb
                0x000000000001dff8       0xf8 ym/ble-nrf51822/source/ble-nrf51822.a(nRF5xGattServer.cpp.o)
                0x000000000001dff8                nRF5xGattServer::write(unsigned short, unsigned short, unsigned char const*, unsigned short, bool)
 .text._ZN15nRF5xGattServer10addServiceER11GattService
                0x000000000001e0f0      0x1e0 ym/ble-nrf51822/source/ble-nrf51822.a(nRF5xGattServer.cpp.o)
                0x000000000001e0f0                nRF5xGattServer::addService(GattService&)
 .text._ZN15nRF5xGattServer5resetEv
                0x000000000001e2d0       0x50 ym/ble-nrf51822/source/ble-nrf51822.a(nRF5xGattServer.cpp.o)
                0x000000000001e2d0                nRF5xGattServer::reset()
 .text.custom_convert_to_nordic_uuid
                0x000000000001e320       0xa4 ym/ble-nrf51822/source/ble-nrf51822.a(custom_helper.cpp.o)
                0x000000000001e320                custom_convert_to_nordic_uuid
 .text._ZL10dm_handlerPK13device_handlePK10dm_event_tm
                0x000000000001e3c4       0xa4 ym/ble-nrf51822/source/ble-nrf51822.a(btle_security.cpp.o)
 .text._Z27btle_hasInitializedSecurityv
                0x000000000001e468        0xc ym/ble-nrf51822/source/ble-nrf51822.a(btle_security.cpp.o)
                0x000000000001e468                btle_hasInitializedSecurity()
 .text._Z23btle_initializeSecuritybbN15SecurityManager24SecurityIOCapabilities_tEPKh
                0x000000000001e474       0xd4 ym/ble-nrf51822/source/ble-nrf51822.a(btle_security.cpp.o)
                0x000000000001e474                btle_initializeSecurity(bool, bool, SecurityManager::SecurityIOCapabilities_t, unsigned char const*)
 .text._Z25btle_purgeAllBondingStatev
                0x000000000001e548       0x24 ym/ble-nrf51822/source/ble-nrf51822.a(btle_security.cpp.o)
                0x000000000001e548                btle_purgeAllBondingState()
 .text._Z20btle_getLinkSecuritytPN15SecurityManager20LinkSecurityStatus_tE
                0x000000000001e56c       0x48 ym/ble-nrf51822/source/ble-nrf51822.a(btle_security.cpp.o)
                0x000000000001e56c                btle_getLinkSecurity(unsigned short, SecurityManager::LinkSecurityStatus_t*)
 .text._Z20btle_setLinkSecuritytN15SecurityManager14SecurityMode_tE
                0x000000000001e5b4       0x48 ym/ble-nrf51822/source/ble-nrf51822.a(btle_security.cpp.o)
                0x000000000001e5b4                btle_setLinkSecurity(unsigned short, SecurityManager::SecurityMode_t)
 .text._Z33btle_createWhitelistFromBondTableP19ble_gap_whitelist_t
                0x000000000001e5fc       0x30 ym/ble-nrf51822/source/ble-nrf51822.a(btle_security.cpp.o)
                0x000000000001e5fc                btle_createWhitelistFromBondTable(ble_gap_whitelist_t*)
 .text._ZN17GapScanningParamsC2Etttb
                0x000000000001e62c       0x68 ym/ble/source/ble.a(GapScanningParams.cpp.o)
                0x000000000001e62c                GapScanningParams::GapScanningParams(unsigned short, unsigned short, unsigned short, bool)
                0x000000000001e62c                GapScanningParams::GapScanningParams(unsigned short, unsigned short, unsigned short, bool)
 .text.gatts_context_store
                0x000000000001e694       0xb4 ym/nrf51-sdk/source/nrf51-sdk.a(device_manager_peripheral.c.o)
 .text.device_context_store
                0x000000000001e748       0xb0 ym/nrf51-sdk/source/nrf51-sdk.a(device_manager_peripheral.c.o)
 .text.gatts_context_apply
                0x000000000001e7f8       0xb8 ym/nrf51-sdk/source/nrf51-sdk.a(device_manager_peripheral.c.o)
 .text.gatts_context_load
                0x000000000001e8b0       0x34 ym/nrf51-sdk/source/nrf51-sdk.a(device_manager_peripheral.c.o)
 .text.peer_instance_init
                0x000000000001e8e4       0x48 ym/nrf51-sdk/source/nrf51-sdk.a(device_manager_peripheral.c.o)
 .text.device_instance_free
                0x000000000001e92c       0x2c ym/nrf51-sdk/source/nrf51-sdk.a(device_manager_peripheral.c.o)
 .text.dm_pstorage_cb_handler
                0x000000000001e958      0x12c ym/nrf51-sdk/source/nrf51-sdk.a(device_manager_peripheral.c.o)
 .text.dm_init  0x000000000001ea84       0xd4 ym/nrf51-sdk/source/nrf51-sdk.a(device_manager_peripheral.c.o)
                0x000000000001ea84                dm_init
 .text.dm_register
                0x000000000001eb58       0x74 ym/nrf51-sdk/source/nrf51-sdk.a(device_manager_peripheral.c.o)
                0x000000000001eb58                dm_register
 .text.dm_security_status_req
                0x000000000001ebcc       0x70 ym/nrf51-sdk/source/nrf51-sdk.a(device_manager_peripheral.c.o)
                0x000000000001ebcc                dm_security_status_req
 .text.dm_whitelist_create
                0x000000000001ec3c       0xbc ym/nrf51-sdk/source/nrf51-sdk.a(device_manager_peripheral.c.o)
                0x000000000001ec3c                dm_whitelist_create
 .text.dm_device_delete_all
                0x000000000001ecf8       0x58 ym/nrf51-sdk/source/nrf51-sdk.a(device_manager_peripheral.c.o)
                0x000000000001ecf8                dm_device_delete_all
 .text.dm_application_context_set
                0x000000000001ed50        0x8 ym/nrf51-sdk/source/nrf51-sdk.a(device_manager_peripheral.c.o)
                0x000000000001ed50                dm_application_context_set
 .text.dm_peer_addr_get
                0x000000000001ed58       0x84 ym/nrf51-sdk/source/nrf51-sdk.a(device_manager_peripheral.c.o)
                0x000000000001ed58                dm_peer_addr_get
 .text.dm_distributed_keys_get
                0x000000000001eddc       0xb0 ym/nrf51-sdk/source/nrf51-sdk.a(device_manager_peripheral.c.o)
                0x000000000001eddc                dm_distributed_keys_get
 .text.bond_data_load
                0x000000000001ee8c       0x48 ym/nrf51-sdk/source/nrf51-sdk.a(device_manager_peripheral.c.o)
                0x000000000001ee8c                bond_data_load
 .text.address_to_device_id
                0x000000000001eed4       0x2c ym/nrf51-sdk/source/nrf51-sdk.a(device_manager_peripheral.c.o)
                0x000000000001eed4                address_to_device_id
 .text.dm_ble_evt_handler
                0x000000000001ef00      0x380 ym/nrf51-sdk/source/nrf51-sdk.a(device_manager_peripheral.c.o)
                0x000000000001ef00                dm_ble_evt_handler
 .text.dm_handle_get
                0x000000000001f280       0x48 ym/nrf51-sdk/source/nrf51-sdk.a(device_manager_peripheral.c.o)
                0x000000000001f280                dm_handle_get
 .text.pstorage_flash_page_end
                0x000000000001f2c8       0x20 ym/nrf51-sdk/source/nrf51-sdk.a(pstorage.c.o)
 .text.swap_sub_state_entry_action_run
                0x000000000001f2e8       0x18 ym/nrf51-sdk/source/nrf51-sdk.a(pstorage.c.o)
 .text.app_notify
                0x000000000001f300       0x2c ym/nrf51-sdk/source/nrf51-sdk.a(pstorage.c.o)
 .text.is_page_erase_required
                0x000000000001f32c       0x50 ym/nrf51-sdk/source/nrf51-sdk.a(pstorage.c.o)
 .text.swap_sub_state_err_busy_process
                0x000000000001f37c       0x18 ym/nrf51-sdk/source/nrf51-sdk.a(pstorage.c.o)
 .text.data_to_swap_write_state_run
                0x000000000001f394       0x30 ym/nrf51-sdk/source/nrf51-sdk.a(pstorage.c.o)
 .text.swap_erase_state_run
                0x000000000001f3c4       0x24 ym/nrf51-sdk/source/nrf51-sdk.a(pstorage.c.o)
 .text.flash_api_err_code_process
                0x000000000001f3e8       0x40 ym/nrf51-sdk/source/nrf51-sdk.a(pstorage.c.o)
 .text.store_cmd_flash_write_execute
                0x000000000001f428       0x58 ym/nrf51-sdk/source/nrf51-sdk.a(pstorage.c.o)
 .text.state_restore_head_entry_run
                0x000000000001f480       0x34 ym/nrf51-sdk/source/nrf51-sdk.a(pstorage.c.o)
 .text.state_restore_tail_entry_run
                0x000000000001f4b4       0x48 ym/nrf51-sdk/source/nrf51-sdk.a(pstorage.c.o)
 .text.state_write_data_swap_entry_run
                0x000000000001f4fc       0x2c ym/nrf51-sdk/source/nrf51-sdk.a(pstorage.c.o)
 .text.state_erase_data_page_entry_run
                0x000000000001f528       0x14 ym/nrf51-sdk/source/nrf51-sdk.a(pstorage.c.o)
 .text.state_entry_action_run
                0x000000000001f53c       0xd0 ym/nrf51-sdk/source/nrf51-sdk.a(pstorage.c.o)
 .text.clear_operation_execute
                0x000000000001f60c      0x144 ym/nrf51-sdk/source/nrf51-sdk.a(pstorage.c.o)
 .text.cmd_process
                0x000000000001f750       0x3c ym/nrf51-sdk/source/nrf51-sdk.a(pstorage.c.o)
 .text.unlikely.cmd_queue_enqueue
                0x000000000001f78c       0x54 ym/nrf51-sdk/source/nrf51-sdk.a(pstorage.c.o)
 .text.command_end_procedure_run
                0x000000000001f7e0       0x54 ym/nrf51-sdk/source/nrf51-sdk.a(pstorage.c.o)
 .text.clear_post_processing_run
                0x000000000001f834       0x2c ym/nrf51-sdk/source/nrf51-sdk.a(pstorage.c.o)
 .text.head_restore_state_run
                0x000000000001f860       0x94 ym/nrf51-sdk/source/nrf51-sdk.a(pstorage.c.o)
 .text.tail_restore_state_run
                0x000000000001f8f4       0x1c ym/nrf51-sdk/source/nrf51-sdk.a(pstorage.c.o)
 .text.data_page_erase_state_run
                0x000000000001f910       0x70 ym/nrf51-sdk/source/nrf51-sdk.a(pstorage.c.o)
 .text.flash_operation_success_run
                0x000000000001f980       0x98 ym/nrf51-sdk/source/nrf51-sdk.a(pstorage.c.o)
 .text.pstorage_sys_event_handler
                0x000000000001fa18       0x68 ym/nrf51-sdk/source/nrf51-sdk.a(pstorage.c.o)
                0x000000000001fa18                pstorage_sys_event_handler
 .text.pstorage_init
                0x000000000001fa80       0x84 ym/nrf51-sdk/source/nrf51-sdk.a(pstorage.c.o)
                0x000000000001fa80                pstorage_init
 .text.pstorage_register
                0x000000000001fb04       0xc0 ym/nrf51-sdk/source/nrf51-sdk.a(pstorage.c.o)
                0x000000000001fb04                pstorage_register
 .text.pstorage_block_identifier_get
                0x000000000001fbc4       0x4c ym/nrf51-sdk/source/nrf51-sdk.a(pstorage.c.o)
                0x000000000001fbc4                pstorage_block_identifier_get
 .text.pstorage_store
                0x000000000001fc10       0x78 ym/nrf51-sdk/source/nrf51-sdk.a(pstorage.c.o)
                0x000000000001fc10                pstorage_store
 .text.pstorage_update
                0x000000000001fc88       0x78 ym/nrf51-sdk/source/nrf51-sdk.a(pstorage.c.o)
                0x000000000001fc88                pstorage_update
 .text.pstorage_load
                0x000000000001fd00       0x98 ym/nrf51-sdk/source/nrf51-sdk.a(pstorage.c.o)
                0x000000000001fd00                pstorage_load
 .text.pstorage_clear
                0x000000000001fd98       0x88 ym/nrf51-sdk/source/nrf51-sdk.a(pstorage.c.o)
                0x000000000001fd98                pstorage_clear
 .text.SWI1_IRQHandler
                0x000000000001fe20       0x20 ym/nrf51-sdk/source/nrf51-sdk.a(ble_radio_notification.c.o)
                0x000000000001fe20                SWI1_IRQHandler
 .text.ble_radio_notification_init
                0x000000000001fe40       0x38 ym/nrf51-sdk/source/nrf51-sdk.a(ble_radio_notification.c.o)
                0x000000000001fe40                ble_radio_notification_init
 .text.intern_softdevice_events_execute
                0x000000000001fe78       0xac ym/nrf51-sdk/source/nrf51-sdk.a(softdevice_handler.c.o)
                0x000000000001fe78                intern_softdevice_events_execute
 .text.softdevice_handler_init
                0x000000000001ff24       0x48 ym/nrf51-sdk/source/nrf51-sdk.a(softdevice_handler.c.o)
                0x000000000001ff24                softdevice_handler_init
 .text.softdevice_handler_sd_disable
                0x000000000001ff6c       0x18 ym/nrf51-sdk/source/nrf51-sdk.a(softdevice_handler.c.o)
                0x000000000001ff6c                softdevice_handler_sd_disable
 .text.softdevice_ble_evt_handler_set
                0x000000000001ff84       0x14 ym/nrf51-sdk/source/nrf51-sdk.a(softdevice_handler.c.o)
                0x000000000001ff84                softdevice_ble_evt_handler_set
 .text.softdevice_sys_evt_handler_set
                0x000000000001ff98       0x14 ym/nrf51-sdk/source/nrf51-sdk.a(softdevice_handler.c.o)
                0x000000000001ff98                softdevice_sys_evt_handler_set
 .text.SWI2_IRQHandler
                0x000000000001ffac       0x24 ym/nrf51-sdk/source/nrf51-sdk.a(softdevice_handler.c.o)
                0x000000000001ffac                SWI2_IRQHandler
 .text.dfu_app_on_dfu_evt
                0x000000000001ffd0      0x16c ym/nrf51-sdk/source/nrf51-sdk.a(dfu_app_handler.c.o)
                0x000000000001ffd0                dfu_app_on_dfu_evt
 .text.bootloader_util_app_start
                0x000000000002013c       0x3c ym/nrf51-sdk/source/nrf51-sdk.a(bootloader_util.c.o)
                0x000000000002013c                bootloader_util_app_start
 .text.ble_dfu_response_send
                0x0000000000020178       0x64 ym/nrf51-sdk/source/nrf51-sdk.a(ble_dfu.c.o)
                0x0000000000020178                ble_dfu_response_send
 .text._ZN4mbed3I2CC2E7PinNameS1_
                0x00000000000201dc       0x30 ym/mbed-classic/existing/mbed-classic.a(I2C.cpp.o)
                0x00000000000201dc                mbed::I2C::I2C(PinName, PinName)
                0x00000000000201dc                mbed::I2C::I2C(PinName, PinName)
 .text._ZN4mbed3I2C6aquireEv
                0x000000000002020c       0x1c ym/mbed-classic/existing/mbed-classic.a(I2C.cpp.o)
                0x000000000002020c                mbed::I2C::aquire()
 .text._ZN4mbed11InterruptInD2Ev
                0x0000000000020228       0x18 ym/mbed-classic/existing/mbed-classic.a(InterruptIn.cpp.o)
                0x0000000000020228                mbed::InterruptIn::~InterruptIn()
                0x0000000000020228                mbed::InterruptIn::~InterruptIn()
 .text._ZN4mbed11InterruptInC2E7PinName
                0x0000000000020240       0x48 ym/mbed-classic/existing/mbed-classic.a(InterruptIn.cpp.o)
                0x0000000000020240                mbed::InterruptIn::InterruptIn(PinName)
                0x0000000000020240                mbed::InterruptIn::InterruptIn(PinName)
 .text._ZN4mbed9RawSerialC2E7PinNameS1_
                0x0000000000020288       0x14 ym/mbed-classic/existing/mbed-classic.a(RawSerial.cpp.o)
                0x0000000000020288                mbed::RawSerial::RawSerial(PinName, PinName)
                0x0000000000020288                mbed::RawSerial::RawSerial(PinName, PinName)
 .text._ZN4mbed10SerialBaseC2E7PinNameS1_
                0x000000000002029c       0x3c ym/mbed-classic/existing/mbed-classic.a(SerialBase.cpp.o)
                0x000000000002029c                mbed::SerialBase::SerialBase(PinName, PinName)
                0x000000000002029c                mbed::SerialBase::SerialBase(PinName, PinName)
 .text._ZN4mbed7TimeoutD2Ev
                0x00000000000202d8       0x1c ym/mbed-classic/existing/mbed-classic.a(Timeout.cpp.o)
                0x00000000000202d8                mbed::Timeout::~Timeout()
                0x00000000000202d8                mbed::Timeout::~Timeout()
 .text._ZN4mbed10TimerEventC2Ev
                0x00000000000202f4       0x2c ym/mbed-classic/existing/mbed-classic.a(TimerEvent.cpp.o)
                0x00000000000202f4                mbed::TimerEvent::TimerEvent()
                0x00000000000202f4                mbed::TimerEvent::TimerEvent()
 .text._ZN4mbed10TimerEventD2Ev
                0x0000000000020320       0x18 ym/mbed-classic/existing/mbed-classic.a(TimerEvent.cpp.o)
                0x0000000000020320                mbed::TimerEvent::~TimerEvent()
                0x0000000000020320                mbed::TimerEvent::~TimerEvent()
 .text._ZL11init_serialv
                0x0000000000020338       0x20 ym/mbed-classic/existing/mbed-classic.a(retarget.cpp.o)
 .text._close   0x0000000000020358       0x2c ym/mbed-classic/existing/mbed-classic.a(retarget.cpp.o)
                0x0000000000020358                _close
 .text._write   0x0000000000020384       0x54 ym/mbed-classic/existing/mbed-classic.a(retarget.cpp.o)
                0x0000000000020384                _write
 .text._read    0x00000000000203d8       0x48 ym/mbed-classic/existing/mbed-classic.a(retarget.cpp.o)
                0x00000000000203d8                _read
 .text._isatty  0x0000000000020420       0x28 ym/mbed-classic/existing/mbed-classic.a(retarget.cpp.o)
                0x0000000000020420                _isatty
 .text._lseek   0x0000000000020448       0x28 ym/mbed-classic/existing/mbed-classic.a(retarget.cpp.o)
                0x0000000000020448                _lseek
 .text.get_us_ticker_data
                0x0000000000020470        0x8 ym/mbed-classic/existing/mbed-classic.a(us_ticker_api.c.o)
                0x0000000000020470                get_us_ticker_data
 .text.us_ticker_irq_handler
                0x0000000000020478       0x10 ym/mbed-classic/existing/mbed-classic.a(us_ticker_api.c.o)
                0x0000000000020478                us_ticker_irq_handler
 .text          0x0000000000020488       0x48 ym/mbed-classic/existing/mbed-classic.a(startup_NRF51822.S.obj)
                0x0000000000020488                Reset_Handler
                0x00000000000204c4                NMI_Handler
                0x00000000000204c6                HardFault_Handler
                0x00000000000204c8                SVC_Handler
                0x00000000000204ca                PendSV_Handler
                0x00000000000204cc                SysTick_Handler
                0x00000000000204ce                SPI0_TWI0_IRQHandler
                0x00000000000204ce                RTC0_IRQHandler
                0x00000000000204ce                POWER_CLOCK_IRQHandler
                0x00000000000204ce                LPCOMP_IRQHandler
                0x00000000000204ce                SWI4_IRQHandler
                0x00000000000204ce                TEMP_IRQHandler
                0x00000000000204ce                QDEC_IRQHandler
                0x00000000000204ce                SWI5_IRQHandler
                0x00000000000204ce                TIMER0_IRQHandler
                0x00000000000204ce                SWI0_IRQHandler
                0x00000000000204ce                ECB_IRQHandler
                0x00000000000204ce                Default_Handler
                0x00000000000204ce                ADC_IRQHandler
                0x00000000000204ce                SWI3_IRQHandler
                0x00000000000204ce                CCM_AAR_IRQHandler
                0x00000000000204ce                WDT_IRQHandler
                0x00000000000204ce                RNG_IRQHandler
                0x00000000000204ce                SPI1_TWI1_IRQHandler
                0x00000000000204ce                RTC1_IRQHandler
 .text.gpio_init
                0x00000000000204d0       0x30 ym/mbed-classic/existing/mbed-classic.a(gpio_api.c.o)
                0x00000000000204d0                gpio_init
 .text.GPIOTE_IRQHandler
                0x0000000000020500       0xf4 ym/mbed-classic/existing/mbed-classic.a(gpio_irq_api.c.o)
                0x0000000000020500                GPIOTE_IRQHandler
 .text.gpio_irq_init
                0x00000000000205f4       0x60 ym/mbed-classic/existing/mbed-classic.a(gpio_irq_api.c.o)
                0x00000000000205f4                gpio_irq_init
 .text.gpio_irq_free
                0x0000000000020654       0x10 ym/mbed-classic/existing/mbed-classic.a(gpio_irq_api.c.o)
                0x0000000000020654                gpio_irq_free
 .text.gpio_irq_set
                0x0000000000020664       0xa0 ym/mbed-classic/existing/mbed-classic.a(gpio_irq_api.c.o)
                0x0000000000020664                gpio_irq_set
 .text.i2c_do_write
                0x0000000000020704       0x28 ym/mbed-classic/existing/mbed-classic.a(i2c_api.c.o)
                0x0000000000020704                i2c_do_write
 .text.i2c_do_read
                0x000000000002072c       0x3c ym/mbed-classic/existing/mbed-classic.a(i2c_api.c.o)
                0x000000000002072c                i2c_do_read
 .text.i2c_frequency
                0x0000000000020768       0x48 ym/mbed-classic/existing/mbed-classic.a(i2c_api.c.o)
                0x0000000000020768                i2c_frequency
 .text.twi_master_init
                0x00000000000207b0       0x44 ym/mbed-classic/existing/mbed-classic.a(i2c_api.c.o)
                0x00000000000207b0                twi_master_init
 .text.i2c_init
                0x00000000000207f4       0xc4 ym/mbed-classic/existing/mbed-classic.a(i2c_api.c.o)
                0x00000000000207f4                i2c_init
 .text.i2c_reset
                0x00000000000208b8       0x30 ym/mbed-classic/existing/mbed-classic.a(i2c_api.c.o)
                0x00000000000208b8                i2c_reset
 .text.i2c_stop
                0x00000000000208e8       0x34 ym/mbed-classic/existing/mbed-classic.a(i2c_api.c.o)
                0x00000000000208e8                i2c_stop
 .text.checkError
                0x000000000002091c       0x28 ym/mbed-classic/existing/mbed-classic.a(i2c_api.c.o)
                0x000000000002091c                checkError
 .text.port_init
                0x0000000000020944       0x28 ym/mbed-classic/existing/mbed-classic.a(port_api.c.o)
                0x0000000000020944                port_init
 .text.pwm_disconnect
                0x000000000002096c       0x60 ym/mbed-classic/existing/mbed-classic.a(pwmout_api.c.o)
 .text.TIMER2_IRQHandler
                0x00000000000209cc       0x68 ym/mbed-classic/existing/mbed-classic.a(pwmout_api.c.o)
                0x00000000000209cc                TIMER2_IRQHandler
 .text.serial_baud.part.0
                0x0000000000020a34       0x38 ym/mbed-classic/existing/mbed-classic.a(serial_api.c.o)
 .text.serial_init
                0x0000000000020a6c       0xb8 ym/mbed-classic/existing/mbed-classic.a(serial_api.c.o)
                0x0000000000020a6c                serial_init
 .text.serial_baud
                0x0000000000020b24       0x20 ym/mbed-classic/existing/mbed-classic.a(serial_api.c.o)
                0x0000000000020b24                serial_baud
 .text.UART0_IRQHandler
                0x0000000000020b44       0x4c ym/mbed-classic/existing/mbed-classic.a(serial_api.c.o)
                0x0000000000020b44                UART0_IRQHandler
 .text.serial_irq_handler
                0x0000000000020b90       0x18 ym/mbed-classic/existing/mbed-classic.a(serial_api.c.o)
                0x0000000000020b90                serial_irq_handler
 .text.serial_putc
                0x0000000000020ba8       0x1c ym/mbed-classic/existing/mbed-classic.a(serial_api.c.o)
                0x0000000000020ba8                serial_putc
 .text.twi_master_clear_bus
                0x0000000000020bc4       0xb4 ym/mbed-classic/existing/mbed-classic.a(twi_master.c.o)
 .text.twi_master_init_and_clear
                0x0000000000020c78       0x74 ym/mbed-classic/existing/mbed-classic.a(twi_master.c.o)
                0x0000000000020c78                twi_master_init_and_clear
 .text.tmr1_getCounter64
                0x0000000000020cec       0x50 ym/mbed-classic/existing/mbed-classic.a(us_ticker.c.o)
 .text.TIMER1_IRQHandler
                0x0000000000020d3c       0x50 ym/mbed-classic/existing/mbed-classic.a(us_ticker.c.o)
                0x0000000000020d3c                TIMER1_IRQHandler
 .text.us_ticker_init
                0x0000000000020d8c       0x8c ym/mbed-classic/existing/mbed-classic.a(us_ticker.c.o)
                0x0000000000020d8c                us_ticker_init
 .text.us_ticker_read
                0x0000000000020e18       0x18 ym/mbed-classic/existing/mbed-classic.a(us_ticker.c.o)
                0x0000000000020e18                us_ticker_read
 .text.us_ticker_set_interrupt
                0x0000000000020e30       0x54 ym/mbed-classic/existing/mbed-classic.a(us_ticker.c.o)
                0x0000000000020e30                us_ticker_set_interrupt
 .text.SystemInit
                0x0000000000020e84       0xac ym/mbed-classic/existing/mbed-classic.a(system_nrf51.c.o)
                0x0000000000020e84                SystemInit
 .text._ZSt15get_new_handlerv
                0x0000000000020f30        0xc /usr/lib/gcc/arm-none-eabi/6.3.1/../../../arm-none-eabi/lib/thumb/v6-m/libstdc++_nano.a(new_handler.o)
                0x0000000000020f30                std::get_new_handler()
 .text          0x0000000000020f3c       0x14 /usr/lib/gcc/arm-none-eabi/6.3.1/thumb/v6-m/libgcc.a(_thumb1_case_sqi.o)
                0x0000000000020f3c                __gnu_thumb1_case_sqi
 .text          0x0000000000020f50       0x14 /usr/lib/gcc/arm-none-eabi/6.3.1/thumb/v6-m/libgcc.a(_thumb1_case_uqi.o)
                0x0000000000020f50                __gnu_thumb1_case_uqi
 .text          0x0000000000020f64      0x114 /usr/lib/gcc/arm-none-eabi/6.3.1/thumb/v6-m/libgcc.a(_udivsi3.o)
                0x0000000000020f64                __udivsi3
                0x0000000000020f64                __aeabi_uidiv
                0x0000000000021070                __aeabi_uidivmod
 .text          0x0000000000021078      0x1d4 /usr/lib/gcc/arm-none-eabi/6.3.1/thumb/v6-m/libgcc.a(_divsi3.o)
                0x0000000000021078                __aeabi_idiv
                0x0000000000021078                __divsi3
                0x0000000000021244                __aeabi_idivmod
 .text          0x000000000002124c        0x4 /usr/lib/gcc/arm-none-eabi/6.3.1/thumb/v6-m/libgcc.a(_dvmd_tls.o)
                0x000000000002124c                __aeabi_ldiv0
                0x000000000002124c                __aeabi_idiv0
 .text          0x0000000000021250       0x74 /usr/lib/gcc/arm-none-eabi/6.3.1/thumb/v6-m/libgcc.a(_arm_cmpsf2.o)
                0x0000000000021250                __aeabi_cfrcmple
                0x0000000000021258                __aeabi_cfcmple
                0x0000000000021258                __aeabi_cfcmpeq
                0x0000000000021268                __aeabi_fcmpeq
                0x0000000000021274                __aeabi_fcmplt
                0x0000000000021288                __aeabi_fcmple
                0x000000000002129c                __aeabi_fcmpgt
                0x00000000000212b0                __aeabi_fcmpge
 .text          0x00000000000212c4       0x40 /usr/lib/gcc/arm-none-eabi/6.3.1/thumb/v6-m/libgcc.a(_aeabi_uldivmod.o)
                0x00000000000212c4                __aeabi_uldivmod
 .text          0x0000000000021304      0x180 /usr/lib/gcc/arm-none-eabi/6.3.1/thumb/v6-m/libgcc.a(_udivmoddi4.o)
                0x0000000000021304                __udivmoddi4
 .text          0x0000000000021484      0x324 /usr/lib/gcc/arm-none-eabi/6.3.1/thumb/v6-m/libgcc.a(addsf3.o)
                0x0000000000021484                __aeabi_fadd
 .text          0x00000000000217a8      0x290 /usr/lib/gcc/arm-none-eabi/6.3.1/thumb/v6-m/libgcc.a(divsf3.o)
                0x00000000000217a8                __aeabi_fdiv
 .text          0x0000000000021a38       0x4c /usr/lib/gcc/arm-none-eabi/6.3.1/thumb/v6-m/libgcc.a(eqsf2.o)
                0x0000000000021a38                __nesf2
                0x0000000000021a38                __eqsf2
 .text          0x0000000000021a84       0x80 /usr/lib/gcc/arm-none-eabi/6.3.1/thumb/v6-m/libgcc.a(gesf2.o)
                0x0000000000021a84                __gtsf2
                0x0000000000021a84                __gesf2